========================================
Starting runs for dataset: m4_hourly (Task ID: 6)
========================================
Running run_models.py for m4_hourly...
MODELLING SERIES: TS0
MODELLING SERIES: TS1
MODELLING SERIES: TS2
MODELLING SERIES: TS3
MODELLING SERIES: TS4
MODELLING SERIES: TS5
MODELLING SERIES: TS6
MODELLING SERIES: TS7
MODELLING SERIES: TS8
MODELLING SERIES: TS9
MODELLING SERIES: TS10
MODELLING SERIES: TS11
MODELLING SERIES: TS12
MODELLING SERIES: TS13
MODELLING SERIES: TS14
MODELLING SERIES: TS15
MODELLING SERIES: TS16
MODELLING SERIES: TS17
MODELLING SERIES: TS18
MODELLING SERIES: TS19
MODELLING SERIES: TS20
MODELLING SERIES: TS21
MODELLING SERIES: TS22
MODELLING SERIES: TS23
MODELLING SERIES: TS24
MODELLING SERIES: TS25
MODELLING SERIES: TS26
MODELLING SERIES: TS27
MODELLING SERIES: TS28
MODELLING SERIES: TS29
MODELLING SERIES: TS30
MODELLING SERIES: TS31
MODELLING SERIES: TS32
MODELLING SERIES: TS33
MODELLING SERIES: TS34
MODELLING SERIES: TS35
MODELLING SERIES: TS36
MODELLING SERIES: TS37
MODELLING SERIES: TS38
MODELLING SERIES: TS39
MODELLING SERIES: TS40
MODELLING SERIES: TS41
MODELLING SERIES: TS42
MODELLING SERIES: TS43
MODELLING SERIES: TS44
MODELLING SERIES: TS45
MODELLING SERIES: TS46
MODELLING SERIES: TS47
MODELLING SERIES: TS48
MODELLING SERIES: TS49
MODELLING SERIES: TS50
MODELLING SERIES: TS51
MODELLING SERIES: TS52
MODELLING SERIES: TS53
MODELLING SERIES: TS54
MODELLING SERIES: TS55
MODELLING SERIES: TS56
MODELLING SERIES: TS57
MODELLING SERIES: TS58
MODELLING SERIES: TS59
MODELLING SERIES: TS60
MODELLING SERIES: TS61
MODELLING SERIES: TS62
MODELLING SERIES: TS63
MODELLING SERIES: TS64
MODELLING SERIES: TS65
MODELLING SERIES: TS66
MODELLING SERIES: TS67
MODELLING SERIES: TS68
MODELLING SERIES: TS69
MODELLING SERIES: TS70
MODELLING SERIES: TS71
MODELLING SERIES: TS72
MODELLING SERIES: TS73
MODELLING SERIES: TS74
MODELLING SERIES: TS75
MODELLING SERIES: TS76
MODELLING SERIES: TS77
MODELLING SERIES: TS78
MODELLING SERIES: TS79
MODELLING SERIES: TS80
MODELLING SERIES: TS81
MODELLING SERIES: TS82
MODELLING SERIES: TS83
MODELLING SERIES: TS84
MODELLING SERIES: TS85
MODELLING SERIES: TS86
MODELLING SERIES: TS87
MODELLING SERIES: TS88
MODELLING SERIES: TS89
MODELLING SERIES: TS90
MODELLING SERIES: TS91
MODELLING SERIES: TS92
MODELLING SERIES: TS93
MODELLING SERIES: TS94
MODELLING SERIES: TS95
MODELLING SERIES: TS96
MODELLING SERIES: TS97
MODELLING SERIES: TS98
MODELLING SERIES: TS99
MODELLING SERIES: TS100
MODELLING SERIES: TS101
MODELLING SERIES: TS102
MODELLING SERIES: TS103
MODELLING SERIES: TS104
MODELLING SERIES: TS105
MODELLING SERIES: TS106
MODELLING SERIES: TS107
MODELLING SERIES: TS108
MODELLING SERIES: TS109
MODELLING SERIES: TS110
MODELLING SERIES: TS111
MODELLING SERIES: TS112
MODELLING SERIES: TS113
MODELLING SERIES: TS114
MODELLING SERIES: TS115
MODELLING SERIES: TS116
MODELLING SERIES: TS117
MODELLING SERIES: TS118
MODELLING SERIES: TS119
MODELLING SERIES: TS120
MODELLING SERIES: TS121
MODELLING SERIES: TS122
MODELLING SERIES: TS123
MODELLING SERIES: TS124
MODELLING SERIES: TS125
MODELLING SERIES: TS126
MODELLING SERIES: TS127
MODELLING SERIES: TS128
MODELLING SERIES: TS129
MODELLING SERIES: TS130
MODELLING SERIES: TS131
MODELLING SERIES: TS132
MODELLING SERIES: TS133
MODELLING SERIES: TS134
MODELLING SERIES: TS135
MODELLING SERIES: TS136
MODELLING SERIES: TS137
MODELLING SERIES: TS138
MODELLING SERIES: TS139
MODELLING SERIES: TS140
MODELLING SERIES: TS141
MODELLING SERIES: TS142
MODELLING SERIES: TS143
MODELLING SERIES: TS144
MODELLING SERIES: TS145
MODELLING SERIES: TS146
MODELLING SERIES: TS147
MODELLING SERIES: TS148
MODELLING SERIES: TS149
MODELLING SERIES: TS150
MODELLING SERIES: TS151
MODELLING SERIES: TS152
MODELLING SERIES: TS153
MODELLING SERIES: TS154
MODELLING SERIES: TS155
MODELLING SERIES: TS156
MODELLING SERIES: TS157
MODELLING SERIES: TS158
MODELLING SERIES: TS159
MODELLING SERIES: TS160
MODELLING SERIES: TS161
MODELLING SERIES: TS162
MODELLING SERIES: TS163
MODELLING SERIES: TS164
MODELLING SERIES: TS165
MODELLING SERIES: TS166
MODELLING SERIES: TS167
MODELLING SERIES: TS168
MODELLING SERIES: TS169
Global
Local
TSER(SMOTE)
TSER(ADASYN)
TSER(BSMOTE)
TSER(NM)
Global           3.661688
Local            1.506382
TSER(SMOTE)      3.274086
TSER(ADASYN)     3.305442
TSER(BSMOTE)     3.271045
TSER(NM)         1.450799
Horizon         12.500000
dtype: float64
MODELLING SERIES: TS170
Global
Local
TSER(SMOTE)
TSER(ADASYN)
TSER(BSMOTE)
TSER(NM)
Global           1.138997
Local            0.548180
TSER(SMOTE)      0.999173
TSER(ADASYN)     0.988265
TSER(BSMOTE)     0.970890
TSER(NM)         0.613305
Horizon         12.500000
dtype: float64
MODELLING SERIES: TS171
Global
Local
TSER(SMOTE)
TSER(ADASYN)
TSER(BSMOTE)
TSER(NM)
Global           1.624966
Local            0.833768
TSER(SMOTE)      1.464205
TSER(ADASYN)     1.473174
TSER(BSMOTE)     1.468005
TSER(NM)         0.663833
Horizon         12.500000
dtype: float64
MODELLING SERIES: TS172
Global
Local
TSER(SMOTE)
TSER(ADASYN)
TSER(BSMOTE)
TSER(NM)
Global           1.666835
Local            0.767513
TSER(SMOTE)      1.450049
TSER(ADASYN)     1.437841
TSER(BSMOTE)     1.444862
TSER(NM)         0.647341
Horizon         12.500000
dtype: float64
MODELLING SERIES: TS173
Global
Local
TSER(SMOTE)
TSER(ADASYN)
TSER(BSMOTE)
TSER(NM)
Global           2.351007
Local            0.574502
TSER(SMOTE)      1.583237
TSER(ADASYN)     1.564461
TSER(BSMOTE)     1.575834
TSER(NM)         0.500631
Horizon         12.500000
dtype: float64
MODELLING SERIES: TS174
Global
Local
TSER(SMOTE)
TSER(ADASYN)
TSER(BSMOTE)
TSER(NM)
Global           1.813708
Local            1.023318
TSER(SMOTE)      1.735024
TSER(ADASYN)     1.684621
TSER(BSMOTE)     1.720544
TSER(NM)         0.996996
Horizon         12.500000
dtype: float64
MODELLING SERIES: TS175
Global
Local
TSER(SMOTE)
TSER(ADASYN)
TSER(BSMOTE)
TSER(NM)
Global           3.637820
Local            1.311681
TSER(SMOTE)      3.036732
TSER(ADASYN)     2.986208
TSER(BSMOTE)     2.999301
TSER(NM)         1.248021
Horizon         12.500000
dtype: float64
MODELLING SERIES: TS176
Global
Local
TSER(SMOTE)
TSER(ADASYN)
TSER(BSMOTE)
TSER(NM)
Global           3.854212
Local            1.728904
TSER(SMOTE)      3.535198
TSER(ADASYN)     3.489406
TSER(BSMOTE)     3.518218
TSER(NM)         1.447065
Horizon         12.500000
dtype: float64
MODELLING SERIES: TS177
Global
Local
TSER(SMOTE)
TSER(ADASYN)
TSER(BSMOTE)
TSER(NM)
Global           1.834209
Local            0.580408
TSER(SMOTE)      1.322077
TSER(ADASYN)     1.327523
TSER(BSMOTE)     1.347828
TSER(NM)         0.458644
Horizon         12.500000
dtype: float64
MODELLING SERIES: TS178
Global
Local
TSER(SMOTE)
TSER(ADASYN)
TSER(BSMOTE)
TSER(NM)
Global           2.450452
Local            0.826355
TSER(SMOTE)      2.024543
TSER(ADASYN)     2.000736
TSER(BSMOTE)     2.021647
TSER(NM)         0.745196
Horizon         12.500000
dtype: float64
MODELLING SERIES: TS179
Global
Local
TSER(SMOTE)
TSER(ADASYN)
TSER(BSMOTE)
TSER(NM)
Global           2.607428
Local            1.054820
TSER(SMOTE)      2.198963
TSER(ADASYN)     2.190986
TSER(BSMOTE)     2.174879
TSER(NM)         1.066895
Horizon         12.500000
dtype: float64
MODELLING SERIES: TS180
Global
Local
TSER(SMOTE)
TSER(ADASYN)
TSER(BSMOTE)
TSER(NM)
Global           1.183588
Local            0.469857
TSER(SMOTE)      0.878176
TSER(ADASYN)     0.864719
TSER(BSMOTE)     0.861184
TSER(NM)         0.418982
Horizon         12.500000
dtype: float64
MODELLING SERIES: TS181
Global
Local
TSER(SMOTE)
TSER(ADASYN)
TSER(BSMOTE)
TSER(NM)
Global           1.607081
Local            0.162385
TSER(SMOTE)      0.287372
TSER(ADASYN)     0.682565
TSER(BSMOTE)     1.627217
TSER(NM)         0.152218
Horizon         12.500000
dtype: float64
MODELLING SERIES: TS182
Global
Local
TSER(SMOTE)
TSER(ADASYN)
TSER(BSMOTE)
TSER(NM)
Global           2.044564
Local            1.066940
TSER(SMOTE)      1.820968
TSER(ADASYN)     1.799188
TSER(BSMOTE)     1.823830
TSER(NM)         0.892659
Horizon         12.500000
dtype: float64
MODELLING SERIES: TS183
Global
Local
TSER(SMOTE)
TSER(ADASYN)
TSER(BSMOTE)
TSER(NM)
Global           1.523346
Local            0.736796
TSER(SMOTE)      1.366328
TSER(ADASYN)     1.360341
TSER(BSMOTE)     1.350009
TSER(NM)         0.724818
Horizon         12.500000
dtype: float64
MODELLING SERIES: TS184
Global
Local
TSER(SMOTE)
TSER(ADASYN)
TSER(BSMOTE)
TSER(NM)
Global           2.263049
Local            1.145514
TSER(SMOTE)      2.064116
TSER(ADASYN)     2.089844
TSER(BSMOTE)     2.078850
TSER(NM)         0.925176
Horizon         12.500000
dtype: float64
MODELLING SERIES: TS185
Global
Local
TSER(SMOTE)
TSER(ADASYN)
TSER(BSMOTE)
TSER(NM)
Global           5.050468
Local            1.189044
TSER(SMOTE)      3.727580
TSER(ADASYN)     3.758543
TSER(BSMOTE)     3.758408
TSER(NM)         1.803414
Horizon         12.500000
dtype: float64
MODELLING SERIES: TS186
Global
Local
TSER(SMOTE)
TSER(ADASYN)
