========================================
Starting runs for dataset: m4_weekly (Task ID: 7)
========================================
Running run_models.py for m4_weekly...
MODELLING SERIES: TS0
Global
Local
TSER(SMOTE)
TSER(ADASYN)
TSER(BSMOTE)
TSER(NM)
Global          37.523648
Local           53.901202
TSER(SMOTE)     43.780994
TSER(ADASYN)    41.752324
TSER(BSMOTE)    39.990712
TSER(NM)        45.890259
Horizon          6.500000
dtype: float64
MODELLING SERIES: TS1
MODELLING SERIES: TS2
Global
Local
TSER(SMOTE)
TSER(ADASYN)
TSER(BSMOTE)
TSER(NM)
Global          5.830011
Local           9.621528
TSER(SMOTE)     6.382532
TSER(ADASYN)    6.350687
TSER(BSMOTE)    6.306714
TSER(NM)        9.824419
Horizon         6.500000
dtype: float64
MODELLING SERIES: TS3
Global
Local
TSER(SMOTE)
TSER(ADASYN)
TSER(BSMOTE)
TSER(NM)
Global          1.575462
Local           1.573115
TSER(SMOTE)     1.358879
TSER(ADASYN)    1.377996
TSER(BSMOTE)    1.378446
TSER(NM)        1.556390
Horizon         6.500000
dtype: float64
MODELLING SERIES: TS4
MODELLING SERIES: TS5
MODELLING SERIES: TS6
MODELLING SERIES: TS7
MODELLING SERIES: TS8
MODELLING SERIES: TS9
MODELLING SERIES: TS10
MODELLING SERIES: TS11
MODELLING SERIES: TS12
MODELLING SERIES: TS13
MODELLING SERIES: TS14
MODELLING SERIES: TS15
MODELLING SERIES: TS16
MODELLING SERIES: TS17
MODELLING SERIES: TS18
MODELLING SERIES: TS19
MODELLING SERIES: TS20
MODELLING SERIES: TS21
MODELLING SERIES: TS22
MODELLING SERIES: TS23
MODELLING SERIES: TS24
MODELLING SERIES: TS25
MODELLING SERIES: TS26
MODELLING SERIES: TS27
MODELLING SERIES: TS28
MODELLING SERIES: TS29
MODELLING SERIES: TS30
MODELLING SERIES: TS31
MODELLING SERIES: TS32
MODELLING SERIES: TS33
MODELLING SERIES: TS34
MODELLING SERIES: TS35
MODELLING SERIES: TS36
MODELLING SERIES: TS37
MODELLING SERIES: TS38
MODELLING SERIES: TS39
MODELLING SERIES: TS40
MODELLING SERIES: TS41
MODELLING SERIES: TS42
MODELLING SERIES: TS43
MODELLING SERIES: TS44
MODELLING SERIES: TS45
MODELLING SERIES: TS46
MODELLING SERIES: TS47
MODELLING SERIES: TS48
MODELLING SERIES: TS49
MODELLING SERIES: TS50
MODELLING SERIES: TS51
MODELLING SERIES: TS52
MODELLING SERIES: TS53
MODELLING SERIES: TS54
MODELLING SERIES: TS55
MODELLING SERIES: TS56
MODELLING SERIES: TS57
MODELLING SERIES: TS58
MODELLING SERIES: TS59
Global
Local
TSER(SMOTE)
TSER(ADASYN)
TSER(BSMOTE)
TSER(NM)
Global          3.697356
Local           5.002679
TSER(SMOTE)     3.710854
TSER(ADASYN)    3.682522
TSER(BSMOTE)    3.673393
TSER(NM)        6.436225
Horizon         6.500000
dtype: float64
MODELLING SERIES: TS60
MODELLING SERIES: TS61
Global
Local
TSER(SMOTE)
TSER(ADASYN)
TSER(BSMOTE)
TSER(NM)
Global           3.081768
Local           17.849801
TSER(SMOTE)      3.007480
TSER(ADASYN)     3.044893
TSER(BSMOTE)     3.069988
TSER(NM)        16.576286
Horizon          6.500000
dtype: float64
MODELLING SERIES: TS62
Global
Local
TSER(SMOTE)
TSER(ADASYN)
TSER(BSMOTE)
TSER(NM)
Global           3.450795
Local           13.285720
TSER(SMOTE)      3.391584
TSER(ADASYN)     3.391243
TSER(BSMOTE)     3.408701
TSER(NM)        14.222418
Horizon          6.500000
dtype: float64
MODELLING SERIES: TS63
Global
Local
TSER(SMOTE)
TSER(ADASYN)
TSER(BSMOTE)
TSER(NM)
Global           5.603012
Local           19.382618
TSER(SMOTE)      5.468724
TSER(ADASYN)     5.402688
TSER(BSMOTE)     5.443522
TSER(NM)        17.547596
Horizon          6.500000
dtype: float64
MODELLING SERIES: TS64
Global
Local
TSER(SMOTE)
TSER(ADASYN)
TSER(BSMOTE)
TSER(NM)
Global           4.229615
Local           39.829395
TSER(SMOTE)      4.554938
TSER(ADASYN)     4.566434
TSER(BSMOTE)     4.570917
TSER(NM)        34.396519
Horizon          6.500000
dtype: float64
MODELLING SERIES: TS65
Global
Local
TSER(SMOTE)
TSER(ADASYN)
TSER(BSMOTE)
TSER(NM)
Global          8.628224
Local           6.683034
TSER(SMOTE)     7.919795
TSER(ADASYN)    7.840337
TSER(BSMOTE)    8.624323
TSER(NM)        7.363969
Horizon         6.500000
dtype: float64
MODELLING SERIES: TS66
MODELLING SERIES: TS67
MODELLING SERIES: TS68
MODELLING SERIES: TS69
MODELLING SERIES: TS70
MODELLING SERIES: TS71
MODELLING SERIES: TS72
MODELLING SERIES: TS73
MODELLING SERIES: TS74
MODELLING SERIES: TS75
MODELLING SERIES: TS76
MODELLING SERIES: TS77
MODELLING SERIES: TS78
MODELLING SERIES: TS79
MODELLING SERIES: TS80
MODELLING SERIES: TS81
MODELLING SERIES: TS82
MODELLING SERIES: TS83
MODELLING SERIES: TS84
MODELLING SERIES: TS85
MODELLING SERIES: TS86
MODELLING SERIES: TS87
Global
Local
TSER(SMOTE)
TSER(ADASYN)
TSER(BSMOTE)
TSER(NM)
Global           6.673324
Local           17.404446
TSER(SMOTE)      6.671353
TSER(ADASYN)     6.655729
TSER(BSMOTE)     6.735187
TSER(NM)        15.473413
Horizon          6.500000
dtype: float64
MODELLING SERIES: TS88
MODELLING SERIES: TS89
MODELLING SERIES: TS90
Global
Local
TSER(SMOTE)
TSER(ADASYN)
TSER(BSMOTE)
TSER(NM)
Global          5.127042
Local           7.097349
TSER(SMOTE)     5.614824
TSER(ADASYN)    5.713480
TSER(BSMOTE)    5.758722
TSER(NM)        6.976446
Horizon         6.500000
dtype: float64
MODELLING SERIES: TS91
Global
Local
TSER(SMOTE)
TSER(ADASYN)
TSER(BSMOTE)
TSER(NM)
Global            7.636120
Local           111.930739
TSER(SMOTE)       7.538155
TSER(ADASYN)      7.550499
TSER(BSMOTE)      7.550260
TSER(NM)        102.748338
Horizon           6.500000
dtype: float64
MODELLING SERIES: TS92
MODELLING SERIES: TS93
MODELLING SERIES: TS94
MODELLING SERIES: TS95
Global
Local
TSER(SMOTE)
TSER(ADASYN)
TSER(BSMOTE)
TSER(NM)
Global          6.114900
Local           4.833053
TSER(SMOTE)     5.584088
TSER(ADASYN)    5.568189
TSER(BSMOTE)    5.494896
TSER(NM)        4.019382
Horizon         6.500000
dtype: float64
MODELLING SERIES: TS96
Global
Local
TSER(SMOTE)
TSER(ADASYN)
TSER(BSMOTE)
TSER(NM)
Global          2.047369
Local           2.596422
TSER(SMOTE)     2.012963
TSER(ADASYN)    2.019283
TSER(BSMOTE)    2.018106
TSER(NM)        2.569130
Horizon         6.500000
dtype: float64
MODELLING SERIES: TS97
Global
Local
TSER(SMOTE)
TSER(ADASYN)
TSER(BSMOTE)
TSER(NM)
Global          2.303422
Local           2.270463
TSER(SMOTE)     2.231485
TSER(ADASYN)    2.242168
TSER(BSMOTE)    2.228280
TSER(NM)        2.317446
Horizon         6.500000
dtype: float64
MODELLING SERIES: TS98
Global
Local
TSER(SMOTE)
TSER(ADASYN)
TSER(BSMOTE)
TSER(NM)
Global           9.950576
Local           15.687668
TSER(SMOTE)     10.668377
TSER(ADASYN)    10.633790
TSER(BSMOTE)    10.509586
TSER(NM)        15.563067
Horizon          6.500000
dtype: float64
MODELLING SERIES: TS99
Global
Local
TSER(SMOTE)
TSER(ADASYN)
TSER(BSMOTE)
TSER(NM)
Global          4.806980
Local           5.031124
TSER(SMOTE)     4.406946
TSER(ADASYN)    4.760789
TSER(BSMOTE)    5.006953
TSER(NM)        5.058659
Horizon         6.500000
dtype: float64
MODELLING SERIES: TS100
MODELLING SERIES: TS101
Global
Local
TSER(SMOTE)
TSER(ADASYN)
TSER(BSMOTE)
TSER(NM)
Global          6.010124
Local           7.640776
TSER(SMOTE)     5.632641
TSER(ADASYN)    5.554865
TSER(BSMOTE)    5.826167
TSER(NM)        7.803345
Horizon         6.500000
dtype: float64
MODELLING SERIES: TS102
Global
Local
TSER(SMOTE)
TSER(ADASYN)
TSER(BSMOTE)
TSER(NM)
Global          4.667836
Local           3.929173
TSER(SMOTE)     4.340483
TSER(ADASYN)    4.400719
TSER(BSMOTE)    4.446178
TSER(NM)        3.902101
Horizon         6.500000
dtype: float64
MODELLING SERIES: TS103
MODELLING SERIES: TS104
Global
Local
TSER(SMOTE)
TSER(ADASYN)
TSER(BSMOTE)
TSER(NM)
Global          10.403582
Local           26.752840
TSER(SMOTE)     15.406523
TSER(ADASYN)    13.525956
TSER(BSMOTE)    14.855883
TSER(NM)        28.250335
Horizon          6.500000
dtype: float64
MODELLING SERIES: TS105
MODELLING SERIES: TS106
Global
Local
TSER(SMOTE)
TSER(ADASYN)
TSER(BSMOTE)
TSER(NM)
Global           9.928985
Local           48.334908
TSER(SMOTE)      9.152456
TSER(ADASYN)     9.117717
TSER(BSMOTE)     9.136091
TSER(NM)        46.127021
Horizon          6.500000
dtype: float64
MODELLING SERIES: TS107
Global
Local
TSER(SMOTE)
TSER(ADASYN)
TSER(BSMOTE)
TSER(NM)
Global          8.900994
Local           6.524600
TSER(SMOTE)     7.082366
TSER(ADASYN)    7.069058
TSER(BSMOTE)    7.015835
TSER(NM)        6.592852
Horizon         6.500000
dtype: float64
MODELLING SERIES: TS108
Global
Local
TSER(SMOTE)
TSER(ADASYN)
TSER(BSMOTE)
TSER(NM)
Global          8.466739
Local           5.945333
TSER(SMOTE)     7.177650
TSER(ADASYN)    7.035379
TSER(BSMOTE)    7.139758
TSER(NM)        5.889526
Horizon         6.500000
dtype: float64
MODELLING SERIES: TS109
MODELLING SERIES: TS110
MODELLING SERIES: TS111
Global
Local
TSER(SMOTE)
TSER(ADASYN)
TSER(BSMOTE)
TSER(NM)
Global           6.085459
Local           52.113243
TSER(SMOTE)      5.883151
TSER(ADASYN)     5.894300
TSER(BSMOTE)     5.922546
TSER(NM)        51.227847
Horizon          6.500000
dtype: float64
MODELLING SERIES: TS112
MODELLING SERIES: TS113
MODELLING SERIES: TS114
Global
Local
TSER(SMOTE)
TSER(ADASYN)
TSER(BSMOTE)
TSER(NM)
Global          4.571310
Local           8.197376
TSER(SMOTE)     4.959237
TSER(ADASYN)    4.913065
TSER(BSMOTE)    5.029917
TSER(NM)        8.217513
Horizon         6.500000
dtype: float64
MODELLING SERIES: TS115
Global
Local
TSER(SMOTE)
TSER(ADASYN)
TSER(BSMOTE)
TSER(NM)
Global           4.938427
Local           33.025429
TSER(SMOTE)      4.861965
TSER(ADASYN)     4.853813
TSER(BSMOTE)     4.859422
TSER(NM)        32.983707
Horizon          6.500000
dtype: float64
MODELLING SERIES: TS116
MODELLING SERIES: TS117
MODELLING SERIES: TS118
MODELLING SERIES: TS119
MODELLING SERIES: TS120
Global
Local
TSER(SMOTE)
TSER(ADASYN)
TSER(BSMOTE)
TSER(NM)
Global           5.981717
Local           12.180909
TSER(SMOTE)      5.508393
TSER(ADASYN)     5.421447
TSER(BSMOTE)     5.380749
TSER(NM)        10.788095
Horizon          6.500000
dtype: float64
MODELLING SERIES: TS121
Global
Local
TSER(SMOTE)
TSER(ADASYN)
TSER(BSMOTE)
TSER(NM)
Global          1.917261
Local           2.278921
TSER(SMOTE)     1.872016
TSER(ADASYN)    1.876895
TSER(BSMOTE)    1.858434
TSER(NM)        2.282371
Horizon         6.500000
dtype: float64
MODELLING SERIES: TS122
Global
Local
TSER(SMOTE)
TSER(ADASYN)
TSER(BSMOTE)
TSER(NM)
Global          2.116573
Local           2.793022
TSER(SMOTE)     2.083640
TSER(ADASYN)    2.086554
TSER(BSMOTE)    2.061869
TSER(NM)        2.761837
Horizon         6.500000
dtype: float64
MODELLING SERIES: TS123
Global
Local
TSER(SMOTE)
TSER(ADASYN)
TSER(BSMOTE)
TSER(NM)
Global          8.043168
Local           9.856967
TSER(SMOTE)     8.810371
TSER(ADASYN)    8.953758
TSER(BSMOTE)    8.529293
TSER(NM)        9.985254
Horizon         6.500000
dtype: float64
MODELLING SERIES: TS124
Global
Local
TSER(SMOTE)
TSER(ADASYN)
TSER(BSMOTE)
TSER(NM)
Global          4.722440
Local           5.073394
TSER(SMOTE)     5.014235
TSER(ADASYN)    5.096285
TSER(BSMOTE)    4.570805
TSER(NM)        5.027389
Horizon         6.500000
dtype: float64
MODELLING SERIES: TS125
MODELLING SERIES: TS126
Global
Local
TSER(SMOTE)
TSER(ADASYN)
TSER(BSMOTE)
TSER(NM)
Global           5.214386
Local           16.199472
TSER(SMOTE)      5.117856
TSER(ADASYN)     5.114191
TSER(BSMOTE)     5.106841
TSER(NM)        14.844591
Horizon          6.500000
dtype: float64
MODELLING SERIES: TS127
Global
Local
TSER(SMOTE)
TSER(ADASYN)
TSER(BSMOTE)
TSER(NM)
Global          4.755345
Local           4.156270
TSER(SMOTE)     4.642620
TSER(ADASYN)    4.714950
TSER(BSMOTE)    4.673031
TSER(NM)        4.127028
Horizon         6.500000
dtype: float64
MODELLING SERIES: TS128
MODELLING SERIES: TS129
Global
Local
TSER(SMOTE)
TSER(ADASYN)
TSER(BSMOTE)
TSER(NM)
Global          13.003738
Local           52.868955
TSER(SMOTE)      9.947726
TSER(ADASYN)     9.689660
TSER(BSMOTE)    10.133581
TSER(NM)        53.791903
Horizon          6.500000
dtype: float64
MODELLING SERIES: TS130
MODELLING SERIES: TS131
Global
Local
TSER(SMOTE)
TSER(ADASYN)
TSER(BSMOTE)
TSER(NM)
Global          10.849316
Local           39.700929
TSER(SMOTE)      9.803330
TSER(ADASYN)     9.873048
TSER(BSMOTE)     9.769137
TSER(NM)        31.883084
Horizon          6.500000
dtype: float64
MODELLING SERIES: TS132
Global
Local
TSER(SMOTE)
TSER(ADASYN)
TSER(BSMOTE)
TSER(NM)
Global          7.635589
Local           4.495315
TSER(SMOTE)     6.685642
TSER(ADASYN)    6.637728
TSER(BSMOTE)    6.593280
TSER(NM)        4.571470
Horizon         6.500000
dtype: float64
MODELLING SERIES: TS133
Global
Local
TSER(SMOTE)
TSER(ADASYN)
TSER(BSMOTE)
TSER(NM)
Global          6.317142
Local           4.314191
TSER(SMOTE)     5.598014
TSER(ADASYN)    5.580549
TSER(BSMOTE)    5.543655
TSER(NM)        4.298093
Horizon         6.500000
dtype: float64
MODELLING SERIES: TS134
MODELLING SERIES: TS135
MODELLING SERIES: TS136
MODELLING SERIES: TS137
MODELLING SERIES: TS138
MODELLING SERIES: TS139
MODELLING SERIES: TS140
MODELLING SERIES: TS141
MODELLING SERIES: TS142
MODELLING SERIES: TS143
MODELLING SERIES: TS144
MODELLING SERIES: TS145
MODELLING SERIES: TS146
MODELLING SERIES: TS147
MODELLING SERIES: TS148
MODELLING SERIES: TS149
MODELLING SERIES: TS150
MODELLING SERIES: TS151
MODELLING SERIES: TS152
MODELLING SERIES: TS153
MODELLING SERIES: TS154
MODELLING SERIES: TS155
MODELLING SERIES: TS156
MODELLING SERIES: TS157
MODELLING SERIES: TS158
MODELLING SERIES: TS159
MODELLING SERIES: TS160
MODELLING SERIES: TS161
MODELLING SERIES: TS162
MODELLING SERIES: TS163
MODELLING SERIES: TS164
MODELLING SERIES: TS165
MODELLING SERIES: TS166
MODELLING SERIES: TS167
MODELLING SERIES: TS168
MODELLING SERIES: TS169
MODELLING SERIES: TS170
MODELLING SERIES: TS171
Global
Local
TSER(SMOTE)
TSER(ADASYN)
TSER(BSMOTE)
TSER(NM)
Global           4.312531
Local           14.731131
TSER(SMOTE)      3.994509
TSER(ADASYN)     3.925607
TSER(BSMOTE)     3.981072
TSER(NM)        14.161422
Horizon          6.500000
dtype: float64
MODELLING SERIES: TS172
MODELLING SERIES: TS173
MODELLING SERIES: TS174
MODELLING SERIES: TS175
MODELLING SERIES: TS176
MODELLING SERIES: TS177
MODELLING SERIES: TS178
MODELLING SERIES: TS179
MODELLING SERIES: TS180
MODELLING SERIES: TS181
MODELLING SERIES: TS182
MODELLING SERIES: TS183
MODELLING SERIES: TS184
MODELLING SERIES: TS185
MODELLING SERIES: TS186
MODELLING SERIES: TS187
MODELLING SERIES: TS188
MODELLING SERIES: TS189
MODELLING SERIES: TS190
MODELLING SERIES: TS191
MODELLING SERIES: TS192
MODELLING SERIES: TS193
MODELLING SERIES: TS194
MODELLING SERIES: TS195
MODELLING SERIES: TS196
MODELLING SERIES: TS197
MODELLING SERIES: TS198
MODELLING SERIES: TS199
MODELLING SERIES: TS200
MODELLING SERIES: TS201
MODELLING SERIES: TS202
MODELLING SERIES: TS203
MODELLING SERIES: TS204
MODELLING SERIES: TS205
MODELLING SERIES: TS206
MODELLING SERIES: TS207
MODELLING SERIES: TS208
MODELLING SERIES: TS209
MODELLING SERIES: TS210
MODELLING SERIES: TS211
MODELLING SERIES: TS212
MODELLING SERIES: TS213
MODELLING SERIES: TS214
MODELLING SERIES: TS215
MODELLING SERIES: TS216
MODELLING SERIES: TS217
MODELLING SERIES: TS218
MODELLING SERIES: TS219
MODELLING SERIES: TS220
MODELLING SERIES: TS221
MODELLING SERIES: TS222
MODELLING SERIES: TS223
Global
Local
TSER(SMOTE)
TSER(ADASYN)
TSER(BSMOTE)
TSER(NM)
Global          3.102318
Local           3.074317
TSER(SMOTE)     2.745907
TSER(ADASYN)    2.747191
TSER(BSMOTE)    2.773020
TSER(NM)        3.022597
Horizon         6.500000
dtype: float64
MODELLING SERIES: TS224
MODELLING SERIES: TS225
MODELLING SERIES: TS226
MODELLING SERIES: TS227
MODELLING SERIES: TS228
MODELLING SERIES: TS229
MODELLING SERIES: TS230
MODELLING SERIES: TS231
MODELLING SERIES: TS232
MODELLING SERIES: TS233
MODELLING SERIES: TS234
MODELLING SERIES: TS235
MODELLING SERIES: TS236
MODELLING SERIES: TS237
MODELLING SERIES: TS238
MODELLING SERIES: TS239
MODELLING SERIES: TS240
MODELLING SERIES: TS241
MODELLING SERIES: TS242
MODELLING SERIES: TS243
MODELLING SERIES: TS244
MODELLING SERIES: TS245
MODELLING SERIES: TS246
MODELLING SERIES: TS247
Global
Local
TSER(SMOTE)
TSER(ADASYN)
TSER(BSMOTE)
TSER(NM)
Global           6.899303
Local           16.594465
TSER(SMOTE)      7.159616
TSER(ADASYN)     7.158224
TSER(BSMOTE)     7.147984
TSER(NM)        10.780570
Horizon          6.500000
dtype: float64
MODELLING SERIES: TS248
Global
Local
TSER(SMOTE)
TSER(ADASYN)
TSER(BSMOTE)
TSER(NM)
Global            45.332569
Local             55.808673
TSER(SMOTE)     1030.464603
TSER(ADASYN)      43.967195
TSER(BSMOTE)      44.364489
TSER(NM)          54.407690
Horizon            6.500000
dtype: float64
MODELLING SERIES: TS249
Global
Local
TSER(SMOTE)
TSER(ADASYN)
TSER(BSMOTE)
TSER(NM)
Global           4.707304
Local           11.890021
TSER(SMOTE)      4.783026
TSER(ADASYN)     4.817466
TSER(BSMOTE)     4.806475
TSER(NM)        11.712534
Horizon          6.500000
dtype: float64
MODELLING SERIES: TS250
Global
Local
TSER(SMOTE)
TSER(ADASYN)
TSER(BSMOTE)
TSER(NM)
Global          7.026978
Local           9.574302
TSER(SMOTE)     7.280164
TSER(ADASYN)    7.123723
TSER(BSMOTE)    7.158760
TSER(NM)        9.619259
Horizon         6.500000
dtype: float64
MODELLING SERIES: TS251
Global
Local
TSER(SMOTE)
TSER(ADASYN)
TSER(BSMOTE)
TSER(NM)
Global          8.461326
Local           4.399543
TSER(SMOTE)     7.318431
TSER(ADASYN)    7.341445
TSER(BSMOTE)    7.301726
TSER(NM)        5.865302
Horizon         6.500000
dtype: float64
MODELLING SERIES: TS252
Global
Local
TSER(SMOTE)
TSER(ADASYN)
TSER(BSMOTE)
TSER(NM)
Global          3.018895
Local           2.316767
TSER(SMOTE)     3.116662
TSER(ADASYN)    3.377118
TSER(BSMOTE)    2.937842
TSER(NM)        2.482949
Horizon         6.500000
dtype: float64
MODELLING SERIES: TS253
MODELLING SERIES: TS254
MODELLING SERIES: TS255
MODELLING SERIES: TS256
MODELLING SERIES: TS257
MODELLING SERIES: TS258
MODELLING SERIES: TS259
MODELLING SERIES: TS260
MODELLING SERIES: TS261
MODELLING SERIES: TS262
MODELLING SERIES: TS263
MODELLING SERIES: TS264
MODELLING SERIES: TS265
MODELLING SERIES: TS266
MODELLING SERIES: TS267
MODELLING SERIES: TS268
MODELLING SERIES: TS269
MODELLING SERIES: TS270
MODELLING SERIES: TS271
MODELLING SERIES: TS272
MODELLING SERIES: TS273
MODELLING SERIES: TS274
MODELLING SERIES: TS275
MODELLING SERIES: TS276
MODELLING SERIES: TS277
MODELLING SERIES: TS278
MODELLING SERIES: TS279
MODELLING SERIES: TS280
MODELLING SERIES: TS281
MODELLING SERIES: TS282
MODELLING SERIES: TS283
MODELLING SERIES: TS284
MODELLING SERIES: TS285
MODELLING SERIES: TS286
MODELLING SERIES: TS287
MODELLING SERIES: TS288
MODELLING SERIES: TS289
MODELLING SERIES: TS290
MODELLING SERIES: TS291
MODELLING SERIES: TS292
MODELLING SERIES: TS293
MODELLING SERIES: TS294
MODELLING SERIES: TS295
MODELLING SERIES: TS296
MODELLING SERIES: TS297
MODELLING SERIES: TS298
MODELLING SERIES: TS299
MODELLING SERIES: TS300
MODELLING SERIES: TS301
MODELLING SERIES: TS302
MODELLING SERIES: TS303
MODELLING SERIES: TS304
MODELLING SERIES: TS305
MODELLING SERIES: TS306
MODELLING SERIES: TS307
MODELLING SERIES: TS308
MODELLING SERIES: TS309
MODELLING SERIES: TS310
MODELLING SERIES: TS311
MODELLING SERIES: TS312
MODELLING SERIES: TS313
MODELLING SERIES: TS314
MODELLING SERIES: TS315
MODELLING SERIES: TS316
MODELLING SERIES: TS317
MODELLING SERIES: TS318
MODELLING SERIES: TS319
MODELLING SERIES: TS320
MODELLING SERIES: TS321
MODELLING SERIES: TS322
MODELLING SERIES: TS323
MODELLING SERIES: TS324
MODELLING SERIES: TS325
MODELLING SERIES: TS326
MODELLING SERIES: TS327
MODELLING SERIES: TS328
MODELLING SERIES: TS329
MODELLING SERIES: TS330
MODELLING SERIES: TS331
MODELLING SERIES: TS332
MODELLING SERIES: TS333
MODELLING SERIES: TS334
MODELLING SERIES: TS335
MODELLING SERIES: TS336
MODELLING SERIES: TS337
MODELLING SERIES: TS338
MODELLING SERIES: TS339
MODELLING SERIES: TS340
MODELLING SERIES: TS341
MODELLING SERIES: TS342
MODELLING SERIES: TS343
MODELLING SERIES: TS344
MODELLING SERIES: TS345
MODELLING SERIES: TS346
MODELLING SERIES: TS347
MODELLING SERIES: TS348
MODELLING SERIES: TS349
MODELLING SERIES: TS350
MODELLING SERIES: TS351
MODELLING SERIES: TS352
MODELLING SERIES: TS353
MODELLING SERIES: TS354
MODELLING SERIES: TS355
MODELLING SERIES: TS356
MODELLING SERIES: TS357
MODELLING SERIES: TS358
Running run_models_on_extra.py for m4_weekly...
