========================================
Starting runs for dataset: nn5_daily_without_missing (Task ID: 0)
========================================
Running run_models.py for nn5_daily_without_missing...
Running run_models_on_extra.py for nn5_daily_without_missing...
MODELLING SERIES: TS35
Global          0.737166
Local           0.917297
TSER(SMOTE)     0.752601
TSER(ADASYN)    0.752081
TSER(BSMOTE)    0.751263
TSER(NM)        0.880997
Horizon         7.500000
dtype: float64
MODELLING SERIES: TS36
Global          0.736682
Local           1.100869
TSER(SMOTE)     0.754642
TSER(ADASYN)    0.767684
TSER(BSMOTE)    0.954990
TSER(NM)        1.019991
Horizon         7.500000
dtype: float64
MODELLING SERIES: TS37
Global          0.736976
Local           0.926435
TSER(SMOTE)     0.743577
TSER(ADASYN)    0.743660
TSER(BSMOTE)    0.741671
TSER(NM)        0.911561
Horizon         7.500000
dtype: float64
MODELLING SERIES: TS38
Global          0.734890
Local           0.872379
TSER(SMOTE)     0.739578
TSER(ADASYN)    0.738945
TSER(BSMOTE)    0.737869
TSER(NM)        0.855781
Horizon         7.500000
dtype: float64
MODELLING SERIES: TS39
Global          0.736276
Local           0.915810
TSER(SMOTE)     0.744450
TSER(ADASYN)    0.742831
TSER(BSMOTE)    0.741216
TSER(NM)        0.902235
Horizon         7.500000
dtype: float64
MODELLING SERIES: TS40
Global          0.737118
Local           0.886112
TSER(SMOTE)     0.747059
TSER(ADASYN)    0.747138
TSER(BSMOTE)    0.745238
TSER(NM)        0.868729
Horizon         7.500000
dtype: float64
MODELLING SERIES: TS41
Global          0.736614
Local           0.866536
TSER(SMOTE)     0.746348
TSER(ADASYN)    0.747525
TSER(BSMOTE)    0.742072
TSER(NM)        0.866782
Horizon         7.500000
dtype: float64
MODELLING SERIES: TS42
Global          0.735744
Local           0.931809
TSER(SMOTE)     0.741240
TSER(ADASYN)    0.740966
TSER(BSMOTE)    0.739630
TSER(NM)        0.910684
Horizon         7.500000
dtype: float64
MODELLING SERIES: TS43
Global          0.736292
Local           0.899948
TSER(SMOTE)     0.743700
TSER(ADASYN)    0.744402
TSER(BSMOTE)    0.740678
TSER(NM)        0.890567
Horizon         7.500000
dtype: float64
MODELLING SERIES: TS44
Global          0.736335
Local           0.918686
TSER(SMOTE)     0.747199
TSER(ADASYN)    0.746937
TSER(BSMOTE)    0.744149
TSER(NM)        0.902046
Horizon         7.500000
dtype: float64
MODELLING SERIES: TS45
Global          0.736343
Local           0.908944
TSER(SMOTE)     0.744790
TSER(ADASYN)    0.744581
TSER(BSMOTE)    0.743580
TSER(NM)        0.870634
Horizon         7.500000
dtype: float64
MODELLING SERIES: TS46
Global          0.732718
Local           0.859900
TSER(SMOTE)     0.735374
TSER(ADASYN)    0.736583
TSER(BSMOTE)    0.734863
TSER(NM)        0.863492
Horizon         7.500000
dtype: float64
MODELLING SERIES: TS47
Global          0.732879
Local           0.862456
TSER(SMOTE)     0.740041
TSER(ADASYN)    0.741083
TSER(BSMOTE)    0.737845
TSER(NM)        0.841435
Horizon         7.500000
dtype: float64
MODELLING SERIES: TS48
Global          0.737121
Local           0.894248
TSER(SMOTE)     0.753589
TSER(ADASYN)    0.753108
TSER(BSMOTE)    0.743145
TSER(NM)        0.884244
Horizon         7.500000
dtype: float64
MODELLING SERIES: TS49
Global          0.732452
Local           0.907348
TSER(SMOTE)     0.737998
TSER(ADASYN)    0.738543
TSER(BSMOTE)    0.738775
TSER(NM)        0.912628
Horizon         7.500000
dtype: float64
MODELLING SERIES: TS50
Global          0.735074
Local           0.908736
TSER(SMOTE)     0.744560
TSER(ADASYN)    0.745271
TSER(BSMOTE)    0.742637
TSER(NM)        0.890303
Horizon         7.500000
dtype: float64
MODELLING SERIES: TS51
Global          0.735774
Local           0.959264
TSER(SMOTE)     0.747261
TSER(ADASYN)    0.749827
TSER(BSMOTE)    0.743371
TSER(NM)        0.889938
Horizon         7.500000
dtype: float64
MODELLING SERIES: TS52
Global          0.734929
Local           0.893185
TSER(SMOTE)     0.742429
TSER(ADASYN)    0.742077
TSER(BSMOTE)    0.739709
TSER(NM)        0.871337
Horizon         7.500000
dtype: float64
MODELLING SERIES: TS53
Global          0.735122
Local           0.930359
TSER(SMOTE)     0.741773
TSER(ADASYN)    0.742239
TSER(BSMOTE)    0.807136
TSER(NM)        0.896145
Horizon         7.500000
dtype: float64
MODELLING SERIES: TS54
Global          0.734297
Local           0.849847
TSER(SMOTE)     0.736989
TSER(ADASYN)    0.737018
TSER(BSMOTE)    0.737763
TSER(NM)        0.853818
Horizon         7.500000
dtype: float64
MODELLING SERIES: TS55
Global          0.736462
Local           0.918853
TSER(SMOTE)     0.749644
TSER(ADASYN)    0.750917
TSER(BSMOTE)    0.741354
TSER(NM)        0.896161
Horizon         7.500000
dtype: float64
MODELLING SERIES: TS56
Global          0.737530
Local           0.988375
TSER(SMOTE)     0.748912
TSER(ADASYN)    0.749135
TSER(BSMOTE)    0.996062
TSER(NM)        0.907503
Horizon         7.500000
dtype: float64
MODELLING SERIES: TS57
Global          0.736708
Local           0.907323
TSER(SMOTE)     0.751477
TSER(ADASYN)    0.746033
TSER(BSMOTE)    0.746700
TSER(NM)        0.871908
Horizon         7.500000
dtype: float64
MODELLING SERIES: TS58
Global          0.737304
Local           0.927365
TSER(SMOTE)     0.754330
TSER(ADASYN)    0.755220
TSER(BSMOTE)    0.748221
TSER(NM)        0.914381
Horizon         7.500000
dtype: float64
MODELLING SERIES: TS59
Global          0.735009
Local           0.977042
TSER(SMOTE)     0.752231
TSER(ADASYN)    0.754032
TSER(BSMOTE)    0.745903
TSER(NM)        0.957874
Horizon         7.500000
dtype: float64
MODELLING SERIES: TS60
Global          0.736736
Local           0.871310
TSER(SMOTE)     0.749860
TSER(ADASYN)    0.750001
TSER(BSMOTE)    0.743378
TSER(NM)        0.850333
Horizon         7.500000
dtype: float64
MODELLING SERIES: TS61
Global          0.737307
Local           0.841316
TSER(SMOTE)     0.743645
TSER(ADASYN)    0.743737
TSER(BSMOTE)    0.777262
TSER(NM)        0.830603
Horizon         7.500000
dtype: float64
MODELLING SERIES: TS62
Global          0.737320
Local           0.853577
TSER(SMOTE)     0.743263
TSER(ADASYN)    0.742835
TSER(BSMOTE)    0.739874
TSER(NM)        0.848174
Horizon         7.500000
dtype: float64
MODELLING SERIES: TS63
Global          0.737069
Local           1.000941
TSER(SMOTE)     0.757813
TSER(ADASYN)    0.760379
TSER(BSMOTE)    0.756542
TSER(NM)        0.903107
Horizon         7.500000
dtype: float64
MODELLING SERIES: TS64
Global          0.735311
Local           0.916381
TSER(SMOTE)     0.745725
TSER(ADASYN)    0.745679
TSER(BSMOTE)    0.740245
TSER(NM)        0.898311
Horizon         7.500000
dtype: float64
MODELLING SERIES: TS65
Global          0.736063
Local           0.875752
TSER(SMOTE)     0.741513
TSER(ADASYN)    0.742101
TSER(BSMOTE)    0.739890
TSER(NM)        0.862062
Horizon         7.500000
dtype: float64
MODELLING SERIES: TS66
Global          0.734604
Local           0.986691
TSER(SMOTE)     0.742245
TSER(ADASYN)    0.762987
TSER(BSMOTE)    1.169878
TSER(NM)        0.954080
Horizon         7.500000
dtype: float64
MODELLING SERIES: TS67
Global          0.730440
Local           0.975852
TSER(SMOTE)     0.735251
TSER(ADASYN)    0.779207
TSER(BSMOTE)    0.734528
TSER(NM)        0.929090
Horizon         7.500000
dtype: float64
MODELLING SERIES: TS68
Global          0.737480
Local           0.976418
TSER(SMOTE)     0.752371
TSER(ADASYN)    0.752584
TSER(BSMOTE)    0.747740
TSER(NM)        0.932514
Horizon         7.500000
dtype: float64
MODELLING SERIES: TS69
Global          0.737086
Local           0.900584
TSER(SMOTE)     0.744757
TSER(ADASYN)    0.744980
TSER(BSMOTE)    0.740717
TSER(NM)        0.882199
Horizon         7.500000
dtype: float64
MODELLING SERIES: TS70
Global          0.735898
Local           0.934412
TSER(SMOTE)     0.746254
TSER(ADASYN)    0.746240
TSER(BSMOTE)    0.744317
TSER(NM)        0.906951
Horizon         7.500000
dtype: float64
MODELLING SERIES: TS71
Global          0.733756
Local           0.920809
TSER(SMOTE)     0.743199
TSER(ADASYN)    0.743007
TSER(BSMOTE)    0.740103
TSER(NM)        0.925160
Horizon         7.500000
dtype: float64
MODELLING SERIES: TS72
Global          0.736034
Local           0.914934
TSER(SMOTE)     0.746230
TSER(ADASYN)    0.749067
TSER(BSMOTE)    1.472224
TSER(NM)        0.877508
Horizon         7.500000
dtype: float64
MODELLING SERIES: TS73
Global          0.736263
Local           0.866066
TSER(SMOTE)     0.743646
TSER(ADASYN)    0.743999
TSER(BSMOTE)    0.744693
TSER(NM)        0.851764
Horizon         7.500000
dtype: float64
MODELLING SERIES: TS74
Global          0.738132
Local           0.913366
TSER(SMOTE)     0.745743
TSER(ADASYN)    0.746256
TSER(BSMOTE)    0.744588
TSER(NM)        0.890061
Horizon         7.500000
dtype: float64
MODELLING SERIES: TS75
Global          0.734809
Local           0.871737
TSER(SMOTE)     0.741026
TSER(ADASYN)    0.740787
TSER(BSMOTE)    0.739721
TSER(NM)        0.864034
Horizon         7.500000
dtype: float64
MODELLING SERIES: TS76
Global          0.734980
Local           0.957314
TSER(SMOTE)     0.744463
TSER(ADASYN)    0.745287
TSER(BSMOTE)    0.741597
TSER(NM)        0.951813
Horizon         7.500000
dtype: float64
MODELLING SERIES: TS77
Global          0.736232
Local           0.945904
TSER(SMOTE)     0.744531
TSER(ADASYN)    0.744885
TSER(BSMOTE)    0.742314
TSER(NM)        0.927173
Horizon         7.500000
dtype: float64
MODELLING SERIES: TS78
Global          0.737016
Local           0.884479
TSER(SMOTE)     0.745995
TSER(ADASYN)    0.746730
TSER(BSMOTE)    0.745024
TSER(NM)        0.873968
Horizon         7.500000
dtype: float64
MODELLING SERIES: TS79
Global          0.734766
Local           0.936772
TSER(SMOTE)     0.751107
TSER(ADASYN)    0.751348
TSER(BSMOTE)    0.749278
TSER(NM)        0.929391
Horizon         7.500000
dtype: float64
MODELLING SERIES: TS80
Global          0.734411
Local           0.949926
TSER(SMOTE)     0.753784
TSER(ADASYN)    0.755416
TSER(BSMOTE)    0.744075
TSER(NM)        0.923961
Horizon         7.500000
dtype: float64
MODELLING SERIES: TS81
Global          0.734600
Local           0.854972
TSER(SMOTE)     0.740439
TSER(ADASYN)    0.739762
TSER(BSMOTE)    0.741432
TSER(NM)        0.850341
Horizon         7.500000
dtype: float64
MODELLING SERIES: TS82
Global          0.735169
Local           0.919699
TSER(SMOTE)     0.747910
TSER(ADASYN)    0.748103
TSER(BSMOTE)    0.743121
TSER(NM)        0.898568
Horizon         7.500000
dtype: float64
MODELLING SERIES: TS83
Global          0.734871
Local           0.944732
TSER(SMOTE)     0.746356
TSER(ADASYN)    0.747004
TSER(BSMOTE)    0.742316
TSER(NM)        0.917304
Horizon         7.500000
dtype: float64
MODELLING SERIES: TS84
Global          0.737067
Local           0.948560
TSER(SMOTE)     0.753264
TSER(ADASYN)    0.753259
TSER(BSMOTE)    0.786290
TSER(NM)        0.918512
Horizon         7.500000
dtype: float64
MODELLING SERIES: TS85
Global          0.735822
Local           0.933268
TSER(SMOTE)     0.744689
TSER(ADASYN)    0.745163
TSER(BSMOTE)    0.740911
TSER(NM)        0.900814
Horizon         7.500000
dtype: float64
MODELLING SERIES: TS86
Global          0.737688
Local           0.916618
TSER(SMOTE)     0.743427
TSER(ADASYN)    0.744121
TSER(BSMOTE)    0.741339
TSER(NM)        0.874764
Horizon         7.500000
dtype: float64
MODELLING SERIES: TS87
Global          0.731960
Local           1.107904
TSER(SMOTE)     0.754402
TSER(ADASYN)    0.757430
TSER(BSMOTE)    0.754109
TSER(NM)        1.022872
Horizon         7.500000
dtype: float64
MODELLING SERIES: TS88
Global          0.735311
Local           1.043160
TSER(SMOTE)     0.754969
TSER(ADASYN)    0.755771
TSER(BSMOTE)    1.105306
TSER(NM)        0.983772
Horizon         7.500000
dtype: float64
MODELLING SERIES: TS89
Global          0.737604
Local           0.915037
TSER(SMOTE)     0.748945
TSER(ADASYN)    0.749412
TSER(BSMOTE)    0.746773
TSER(NM)        0.900885
Horizon         7.500000
dtype: float64
MODELLING SERIES: TS90
Global          0.736310
Local           0.932549
TSER(SMOTE)     0.759503
TSER(ADASYN)    0.758536
TSER(BSMOTE)    0.759598
TSER(NM)        0.904959
Horizon         7.500000
dtype: float64
MODELLING SERIES: TS91
Global          0.736546
Local           0.866010
TSER(SMOTE)     0.740243
TSER(ADASYN)    0.741657
TSER(BSMOTE)    0.737556
TSER(NM)        0.856279
Horizon         7.500000
dtype: float64
MODELLING SERIES: TS92
Global          0.727945
Local           0.978268
TSER(SMOTE)     0.735293
TSER(ADASYN)    0.735352
TSER(BSMOTE)    0.734085
TSER(NM)        0.901064
Horizon         7.500000
dtype: float64
MODELLING SERIES: TS93
Global          0.735566
Local           1.013678
TSER(SMOTE)     0.740306
TSER(ADASYN)    0.740448
TSER(BSMOTE)    0.739719
TSER(NM)        0.944782
Horizon         7.500000
dtype: float64
MODELLING SERIES: TS94
Global          0.736296
Local           0.952683
TSER(SMOTE)     0.749147
TSER(ADASYN)    0.749107
TSER(BSMOTE)    0.745708
TSER(NM)        0.941357
Horizon         7.500000
dtype: float64
MODELLING SERIES: TS95
Global          0.736949
Local           0.865915
TSER(SMOTE)     0.741577
TSER(ADASYN)    0.741527
TSER(BSMOTE)    0.740745
TSER(NM)        0.856542
Horizon         7.500000
dtype: float64
MODELLING SERIES: TS96
Global          0.735881
Local           0.976037
TSER(SMOTE)     0.763514
TSER(ADASYN)    0.753161
TSER(BSMOTE)    1.263768
TSER(NM)        0.944663
Horizon         7.500000
dtype: float64
MODELLING SERIES: TS97
Global          0.737422
Local           0.880103
TSER(SMOTE)     0.742020
TSER(ADASYN)    0.743275
TSER(BSMOTE)    0.739836
TSER(NM)        0.841623
Horizon         7.500000
dtype: float64
MODELLING SERIES: TS98
Global          0.732258
Local           0.942898
TSER(SMOTE)     0.738622
TSER(ADASYN)    0.738631
TSER(BSMOTE)    0.736115
TSER(NM)        0.925745
Horizon         7.500000
dtype: float64
MODELLING SERIES: TS99
Global          0.734854
Local           0.873488
TSER(SMOTE)     0.742360
TSER(ADASYN)    0.742147
TSER(BSMOTE)    0.963944
TSER(NM)        0.867256
Horizon         7.500000
dtype: float64
MODELLING SERIES: TS100
Global          0.734944
Local           0.960553
TSER(SMOTE)     0.745361
TSER(ADASYN)    0.746994
TSER(BSMOTE)    0.746693
TSER(NM)        0.923996
Horizon         7.500000
dtype: float64
MODELLING SERIES: TS101
Global          0.736380
Local           0.924936
TSER(SMOTE)     0.749130
TSER(ADASYN)    0.751130
TSER(BSMOTE)    0.743479
TSER(NM)        0.889294
Horizon         7.500000
dtype: float64
MODELLING SERIES: TS102
Global          0.734877
Local           1.000802
TSER(SMOTE)     0.747063
TSER(ADASYN)    0.747945
TSER(BSMOTE)    0.747988
TSER(NM)        0.980002
Horizon         7.500000
dtype: float64
MODELLING SERIES: TS103
Global          0.737320
Local           0.908913
TSER(SMOTE)     0.750170
TSER(ADASYN)    0.749526
TSER(BSMOTE)    0.747173
TSER(NM)        0.871562
Horizon         7.500000
dtype: float64
MODELLING SERIES: TS104
Global          0.735839
Local           0.917846
TSER(SMOTE)     0.746452
TSER(ADASYN)    0.745983
TSER(BSMOTE)    0.746542
TSER(NM)        0.906190
Horizon         7.500000
dtype: float64
MODELLING SERIES: TS105
Global          0.736506
Local           0.925819
TSER(SMOTE)     0.750545
TSER(ADASYN)    0.749113
TSER(BSMOTE)    0.741404
TSER(NM)        0.892540
Horizon         7.500000
dtype: float64
MODELLING SERIES: TS106
Global          0.736170
Local           0.876721
TSER(SMOTE)     0.746840
TSER(ADASYN)    0.746310
TSER(BSMOTE)    0.760773
TSER(NM)        0.866717
Horizon         7.500000
dtype: float64
MODELLING SERIES: TS107
Global          0.736768
Local           0.890405
TSER(SMOTE)     0.744201
TSER(ADASYN)    0.743720
TSER(BSMOTE)    0.742697
TSER(NM)        0.881146
Horizon         7.500000
dtype: float64
MODELLING SERIES: TS108
Global          0.737348
Local           0.909066
TSER(SMOTE)     0.744678
TSER(ADASYN)    0.745901
TSER(BSMOTE)    0.743370
TSER(NM)        0.878187
Horizon         7.500000
dtype: float64
MODELLING SERIES: TS109
Global          0.732642
Local           1.045780
TSER(SMOTE)     0.746455
TSER(ADASYN)    0.746269
TSER(BSMOTE)    0.936641
TSER(NM)        1.001823
Horizon         7.500000
dtype: float64
MODELLING SERIES: TS110
Global          0.737016
Local           0.884479
TSER(SMOTE)     0.745922
TSER(ADASYN)    0.746251
TSER(BSMOTE)    0.764353
TSER(NM)        0.873968
Horizon         7.500000
dtype: float64
Running run_variants.py for nn5_daily_without_missing...
MODELLING SERIES: TS0
MODELLING SERIES: TS1
MODELLING SERIES: TS2
MODELLING SERIES: TS3
MODELLING SERIES: TS4
MODELLING SERIES: TS5
MODELLING SERIES: TS6
MODELLING SERIES: TS7
MODELLING SERIES: TS8
MODELLING SERIES: TS9
MODELLING SERIES: TS10
MODELLING SERIES: TS11
MODELLING SERIES: TS12
MODELLING SERIES: TS13
MODELLING SERIES: TS14
MODELLING SERIES: TS15
MODELLING SERIES: TS16
MODELLING SERIES: TS17
MODELLING SERIES: TS18
MODELLING SERIES: TS19
MODELLING SERIES: TS20
MODELLING SERIES: TS21
MODELLING SERIES: TS22
MODELLING SERIES: TS23
MODELLING SERIES: TS24
MODELLING SERIES: TS25
MODELLING SERIES: TS26
MODELLING SERIES: TS27
MODELLING SERIES: TS28
MODELLING SERIES: TS29
MODELLING SERIES: TS30
MODELLING SERIES: TS31
MODELLING SERIES: TS32
MODELLING SERIES: TS33
MODELLING SERIES: TS34
MODELLING SERIES: TS35
MODELLING SERIES: TS36
MODELLING SERIES: TS37
MODELLING SERIES: TS38
MODELLING SERIES: TS39
MODELLING SERIES: TS40
MODELLING SERIES: TS41
MODELLING SERIES: TS42
MODELLING SERIES: TS43
MODELLING SERIES: TS44
MODELLING SERIES: TS45
MODELLING SERIES: TS46
MODELLING SERIES: TS47
MODELLING SERIES: TS48
MODELLING SERIES: TS49
MODELLING SERIES: TS50
MODELLING SERIES: TS51
MODELLING SERIES: TS52
MODELLING SERIES: TS53
MODELLING SERIES: TS54
MODELLING SERIES: TS55
MODELLING SERIES: TS56
MODELLING SERIES: TS57
MODELLING SERIES: TS58
MODELLING SERIES: TS59
MODELLING SERIES: TS60
MODELLING SERIES: TS61
MODELLING SERIES: TS62
MODELLING SERIES: TS63
MODELLING SERIES: TS64
MODELLING SERIES: TS65
MODELLING SERIES: TS66
MODELLING SERIES: TS67
MODELLING SERIES: TS68
MODELLING SERIES: TS69
MODELLING SERIES: TS70
MODELLING SERIES: TS71
MODELLING SERIES: TS72
MODELLING SERIES: TS73
MODELLING SERIES: TS74
MODELLING SERIES: TS75
MODELLING SERIES: TS76
MODELLING SERIES: TS77
MODELLING SERIES: TS78
MODELLING SERIES: TS79
MODELLING SERIES: TS80
MODELLING SERIES: TS81
MODELLING SERIES: TS82
MODELLING SERIES: TS83
MODELLING SERIES: TS84
MODELLING SERIES: TS85
MODELLING SERIES: TS86
MODELLING SERIES: TS87
MODELLING SERIES: TS88
MODELLING SERIES: TS89
MODELLING SERIES: TS90
MODELLING SERIES: TS91
MODELLING SERIES: TS92
MODELLING SERIES: TS93
MODELLING SERIES: TS94
MODELLING SERIES: TS95
MODELLING SERIES: TS96
MODELLING SERIES: TS97
MODELLING SERIES: TS98
MODELLING SERIES: TS99
MODELLING SERIES: TS100
MODELLING SERIES: TS101
MODELLING SERIES: TS102
MODELLING SERIES: TS103
MODELLING SERIES: TS104
MODELLING SERIES: TS105
MODELLING SERIES: TS106
MODELLING SERIES: TS107
MODELLING SERIES: TS108
MODELLING SERIES: TS109
MODELLING SERIES: TS110
Running run_sensitivity.py for nn5_daily_without_missing...
MODELLING SERIES: TS0
TSER_var0
TSER_var1
TSER_var2
TSER_var3
TSER_var4
TSER_var5
TSER_var6
TSER_var7
TSER_var8
TSER_var9
TSER_var10
TSER_var11
TSER_var12
TSER_var13
TSER_var14
TSER_var15
TSER_var16
TSER_var17
TSER_var18
TSER_var19
MODELLING SERIES: TS1
TSER_var0
TSER_var1
TSER_var2
TSER_var3
TSER_var4
TSER_var5
TSER_var6
TSER_var7
TSER_var8
TSER_var9
TSER_var10
TSER_var11
TSER_var12
TSER_var13
TSER_var14
TSER_var15
TSER_var16
TSER_var17
TSER_var18
TSER_var19
MODELLING SERIES: TS2
TSER_var0
TSER_var1
TSER_var2
TSER_var3
TSER_var4
TSER_var5
TSER_var6
TSER_var7
TSER_var8
TSER_var9
TSER_var10
TSER_var11
TSER_var12
TSER_var13
TSER_var14
TSER_var15
TSER_var16
TSER_var17
TSER_var18
TSER_var19
MODELLING SERIES: TS3
TSER_var0
TSER_var1
TSER_var2
TSER_var3
TSER_var4
TSER_var5
TSER_var6
TSER_var7
TSER_var8
TSER_var9
TSER_var10
TSER_var11
TSER_var12
TSER_var13
TSER_var14
TSER_var15
TSER_var16
TSER_var17
TSER_var18
TSER_var19
MODELLING SERIES: TS4
TSER_var0
TSER_var1
TSER_var2
TSER_var3
TSER_var4
TSER_var5
TSER_var6
TSER_var7
TSER_var8
TSER_var9
TSER_var10
TSER_var11
TSER_var12
TSER_var13
TSER_var14
TSER_var15
TSER_var16
TSER_var17
TSER_var18
TSER_var19
MODELLING SERIES: TS5
TSER_var0
TSER_var1
TSER_var2
TSER_var3
TSER_var4
TSER_var5
TSER_var6
TSER_var7
TSER_var8
TSER_var9
TSER_var10
TSER_var11
TSER_var12
TSER_var13
TSER_var14
TSER_var15
TSER_var16
TSER_var17
TSER_var18
TSER_var19
MODELLING SERIES: TS6
TSER_var0
TSER_var1
TSER_var2
TSER_var3
TSER_var4
TSER_var5
TSER_var6
TSER_var7
TSER_var8
TSER_var9
TSER_var10
TSER_var11
TSER_var12
TSER_var13
TSER_var14
TSER_var15
TSER_var16
TSER_var17
TSER_var18
TSER_var19
MODELLING SERIES: TS7
TSER_var0
TSER_var1
TSER_var2
TSER_var3
TSER_var4
TSER_var5
TSER_var6
TSER_var7
TSER_var8
TSER_var9
TSER_var10
TSER_var11
TSER_var12
TSER_var13
TSER_var14
TSER_var15
TSER_var16
TSER_var17
TSER_var18
TSER_var19
MODELLING SERIES: TS8
TSER_var0
TSER_var1
TSER_var2
TSER_var3
TSER_var4
TSER_var5
TSER_var6
TSER_var7
TSER_var8
TSER_var9
TSER_var10
TSER_var11
TSER_var12
TSER_var13
TSER_var14
TSER_var15
TSER_var16
TSER_var17
TSER_var18
TSER_var19
MODELLING SERIES: TS9
TSER_var0
TSER_var1
TSER_var2
TSER_var3
TSER_var4
TSER_var5
TSER_var6
TSER_var7
TSER_var8
TSER_var9
TSER_var10
TSER_var11
TSER_var12
TSER_var13
TSER_var14
TSER_var15
TSER_var16
TSER_var17
TSER_var18
TSER_var19
MODELLING SERIES: TS10
TSER_var0
TSER_var1
TSER_var2
TSER_var3
TSER_var4
TSER_var5
TSER_var6
TSER_var7
TSER_var8
TSER_var9
TSER_var10
TSER_var11
TSER_var12
TSER_var13
TSER_var14
TSER_var15
TSER_var16
TSER_var17
TSER_var18
TSER_var19
MODELLING SERIES: TS11
TSER_var0
TSER_var1
TSER_var2
TSER_var3
TSER_var4
TSER_var5
TSER_var6
TSER_var7
TSER_var8
TSER_var9
TSER_var10
TSER_var11
TSER_var12
TSER_var13
TSER_var14
TSER_var15
TSER_var16
TSER_var17
TSER_var18
TSER_var19
MODELLING SERIES: TS12
TSER_var0
TSER_var1
TSER_var2
TSER_var3
TSER_var4
TSER_var5
TSER_var6
TSER_var7
TSER_var8
TSER_var9
TSER_var10
TSER_var11
TSER_var12
TSER_var13
TSER_var14
TSER_var15
TSER_var16
TSER_var17
TSER_var18
TSER_var19
MODELLING SERIES: TS13
TSER_var0
TSER_var1
TSER_var2
TSER_var3
TSER_var4
TSER_var5
TSER_var6
TSER_var7
TSER_var8
TSER_var9
TSER_var10
TSER_var11
TSER_var12
TSER_var13
TSER_var14
TSER_var15
TSER_var16
TSER_var17
TSER_var18
TSER_var19
MODELLING SERIES: TS14
TSER_var0
TSER_var1
TSER_var2
TSER_var3
TSER_var4
TSER_var5
TSER_var6
TSER_var7
TSER_var8
TSER_var9
TSER_var10
TSER_var11
TSER_var12
TSER_var13
TSER_var14
TSER_var15
TSER_var16
TSER_var17
TSER_var18
TSER_var19
MODELLING SERIES: TS15
TSER_var0
TSER_var1
TSER_var2
TSER_var3
TSER_var4
TSER_var5
TSER_var6
TSER_var7
TSER_var8
TSER_var9
TSER_var10
TSER_var11
TSER_var12
TSER_var13
TSER_var14
TSER_var15
TSER_var16
TSER_var17
TSER_var18
TSER_var19
MODELLING SERIES: TS16
TSER_var0
TSER_var1
TSER_var2
TSER_var3
TSER_var4
TSER_var5
TSER_var6
TSER_var7
TSER_var8
TSER_var9
TSER_var10
TSER_var11
TSER_var12
TSER_var13
TSER_var14
TSER_var15
TSER_var16
TSER_var17
TSER_var18
TSER_var19
MODELLING SERIES: TS17
TSER_var0
TSER_var1
TSER_var2
TSER_var3
TSER_var4
TSER_var5
TSER_var6
TSER_var7
TSER_var8
TSER_var9
TSER_var10
TSER_var11
TSER_var12
TSER_var13
TSER_var14
TSER_var15
TSER_var16
TSER_var17
TSER_var18
TSER_var19
MODELLING SERIES: TS18
TSER_var0
TSER_var1
TSER_var2
TSER_var3
TSER_var4
TSER_var5
TSER_var6
TSER_var7
TSER_var8
TSER_var9
TSER_var10
TSER_var11
TSER_var12
TSER_var13
TSER_var14
TSER_var15
TSER_var16
TSER_var17
TSER_var18
TSER_var19
MODELLING SERIES: TS19
TSER_var0
TSER_var1
TSER_var2
TSER_var3
TSER_var4
TSER_var5
TSER_var6
TSER_var7
TSER_var8
TSER_var9
TSER_var10
TSER_var11
TSER_var12
TSER_var13
TSER_var14
TSER_var15
TSER_var16
TSER_var17
TSER_var18
TSER_var19
MODELLING SERIES: TS20
TSER_var0
TSER_var1
TSER_var2
TSER_var3
TSER_var4
TSER_var5
TSER_var6
TSER_var7
TSER_var8
TSER_var9
TSER_var10
TSER_var11
TSER_var12
TSER_var13
TSER_var14
TSER_var15
TSER_var16
TSER_var17
TSER_var18
TSER_var19
MODELLING SERIES: TS21
TSER_var0
TSER_var1
TSER_var2
TSER_var3
TSER_var4
TSER_var5
TSER_var6
TSER_var7
TSER_var8
TSER_var9
TSER_var10
TSER_var11
TSER_var12
TSER_var13
TSER_var14
TSER_var15
TSER_var16
TSER_var17
TSER_var18
TSER_var19
MODELLING SERIES: TS22
TSER_var0
TSER_var1
TSER_var2
TSER_var3
TSER_var4
TSER_var5
TSER_var6
TSER_var7
TSER_var8
TSER_var9
TSER_var10
TSER_var11
TSER_var12
TSER_var13
TSER_var14
TSER_var15
TSER_var16
TSER_var17
TSER_var18
TSER_var19
MODELLING SERIES: TS23
TSER_var0
TSER_var1
TSER_var2
TSER_var3
TSER_var4
TSER_var5
TSER_var6
TSER_var7
TSER_var8
TSER_var9
TSER_var10
TSER_var11
TSER_var12
TSER_var13
TSER_var14
TSER_var15
TSER_var16
TSER_var17
TSER_var18
TSER_var19
MODELLING SERIES: TS24
TSER_var0
TSER_var1
TSER_var2
TSER_var3
TSER_var4
TSER_var5
TSER_var6
TSER_var7
TSER_var8
TSER_var9
TSER_var10
TSER_var11
TSER_var12
TSER_var13
TSER_var14
TSER_var15
TSER_var16
TSER_var17
TSER_var18
TSER_var19
MODELLING SERIES: TS25
TSER_var0
TSER_var1
TSER_var2
TSER_var3
TSER_var4
TSER_var5
TSER_var6
TSER_var7
TSER_var8
TSER_var9
TSER_var10
TSER_var11
TSER_var12
TSER_var13
TSER_var14
TSER_var15
TSER_var16
TSER_var17
TSER_var18
TSER_var19
MODELLING SERIES: TS26
TSER_var0
TSER_var1
TSER_var2
TSER_var3
TSER_var4
TSER_var5
TSER_var6
TSER_var7
TSER_var8
TSER_var9
TSER_var10
TSER_var11
TSER_var12
TSER_var13
TSER_var14
TSER_var15
TSER_var16
TSER_var17
TSER_var18
TSER_var19
MODELLING SERIES: TS27
TSER_var0
TSER_var1
TSER_var2
TSER_var3
TSER_var4
TSER_var5
TSER_var6
TSER_var7
TSER_var8
TSER_var9
TSER_var10
TSER_var11
TSER_var12
TSER_var13
TSER_var14
TSER_var15
TSER_var16
TSER_var17
TSER_var18
TSER_var19
MODELLING SERIES: TS28
TSER_var0
TSER_var1
TSER_var2
TSER_var3
TSER_var4
TSER_var5
TSER_var6
TSER_var7
TSER_var8
TSER_var9
TSER_var10
TSER_var11
TSER_var12
TSER_var13
TSER_var14
TSER_var15
TSER_var16
TSER_var17
TSER_var18
TSER_var19
MODELLING SERIES: TS29
TSER_var0
TSER_var1
TSER_var2
TSER_var3
TSER_var4
TSER_var5
TSER_var6
TSER_var7
TSER_var8
TSER_var9
TSER_var10
TSER_var11
TSER_var12
TSER_var13
TSER_var14
TSER_var15
TSER_var16
TSER_var17
TSER_var18
TSER_var19
MODELLING SERIES: TS30
TSER_var0
TSER_var1
TSER_var2
TSER_var3
TSER_var4
TSER_var5
TSER_var6
TSER_var7
TSER_var8
TSER_var9
TSER_var10
TSER_var11
TSER_var12
TSER_var13
TSER_var14
TSER_var15
TSER_var16
TSER_var17
TSER_var18
TSER_var19
MODELLING SERIES: TS31
TSER_var0
TSER_var1
TSER_var2
TSER_var3
TSER_var4
TSER_var5
TSER_var6
TSER_var7
TSER_var8
TSER_var9
TSER_var10
TSER_var11
TSER_var12
TSER_var13
TSER_var14
TSER_var15
TSER_var16
TSER_var17
TSER_var18
TSER_var19
MODELLING SERIES: TS32
TSER_var0
TSER_var1
TSER_var2
TSER_var3
TSER_var4
TSER_var5
TSER_var6
TSER_var7
TSER_var8
TSER_var9
TSER_var10
TSER_var11
TSER_var12
TSER_var13
TSER_var14
TSER_var15
TSER_var16
TSER_var17
TSER_var18
TSER_var19
MODELLING SERIES: TS33
TSER_var0
TSER_var1
TSER_var2
TSER_var3
TSER_var4
TSER_var5
TSER_var6
TSER_var7
TSER_var8
TSER_var9
TSER_var10
TSER_var11
TSER_var12
TSER_var13
TSER_var14
TSER_var15
TSER_var16
TSER_var17
TSER_var18
TSER_var19
MODELLING SERIES: TS34
TSER_var0
TSER_var1
TSER_var2
TSER_var3
TSER_var4
TSER_var5
TSER_var6
TSER_var7
TSER_var8
TSER_var9
TSER_var10
TSER_var11
TSER_var12
TSER_var13
TSER_var14
TSER_var15
TSER_var16
TSER_var17
TSER_var18
TSER_var19
MODELLING SERIES: TS35
TSER_var0
TSER_var1
TSER_var2
TSER_var3
TSER_var4
TSER_var5
TSER_var6
TSER_var7
TSER_var8
TSER_var9
TSER_var10
TSER_var11
TSER_var12
TSER_var13
TSER_var14
TSER_var15
TSER_var16
TSER_var17
TSER_var18
TSER_var19
MODELLING SERIES: TS36
TSER_var0
TSER_var1
TSER_var2
TSER_var3
TSER_var4
TSER_var5
TSER_var6
TSER_var7
TSER_var8
TSER_var9
TSER_var10
TSER_var11
TSER_var12
TSER_var13
TSER_var14
TSER_var15
TSER_var16
TSER_var17
TSER_var18
TSER_var19
MODELLING SERIES: TS37
TSER_var0
TSER_var1
TSER_var2
TSER_var3
TSER_var4
TSER_var5
TSER_var6
TSER_var7
TSER_var8
TSER_var9
TSER_var10
TSER_var11
TSER_var12
TSER_var13
TSER_var14
TSER_var15
TSER_var16
TSER_var17
TSER_var18
TSER_var19
MODELLING SERIES: TS38
TSER_var0
TSER_var1
TSER_var2
TSER_var3
TSER_var4
TSER_var5
TSER_var6
TSER_var7
TSER_var8
TSER_var9
TSER_var10
TSER_var11
TSER_var12
TSER_var13
TSER_var14
TSER_var15
TSER_var16
TSER_var17
TSER_var18
TSER_var19
MODELLING SERIES: TS39
TSER_var0
TSER_var1
TSER_var2
TSER_var3
TSER_var4
TSER_var5
TSER_var6
TSER_var7
TSER_var8
TSER_var9
TSER_var10
TSER_var11
TSER_var12
TSER_var13
TSER_var14
TSER_var15
TSER_var16
TSER_var17
TSER_var18
TSER_var19
MODELLING SERIES: TS40
TSER_var0
TSER_var1
TSER_var2
TSER_var3
TSER_var4
TSER_var5
TSER_var6
TSER_var7
TSER_var8
TSER_var9
TSER_var10
TSER_var11
TSER_var12
TSER_var13
TSER_var14
TSER_var15
TSER_var16
TSER_var17
TSER_var18
TSER_var19
MODELLING SERIES: TS41
TSER_var0
TSER_var1
TSER_var2
TSER_var3
TSER_var4
TSER_var5
TSER_var6
TSER_var7
TSER_var8
TSER_var9
TSER_var10
TSER_var11
TSER_var12
TSER_var13
TSER_var14
TSER_var15
TSER_var16
TSER_var17
TSER_var18
TSER_var19
MODELLING SERIES: TS42
TSER_var0
TSER_var1
TSER_var2
TSER_var3
TSER_var4
TSER_var5
TSER_var6
TSER_var7
TSER_var8
TSER_var9
TSER_var10
TSER_var11
TSER_var12
TSER_var13
TSER_var14
TSER_var15
TSER_var16
TSER_var17
TSER_var18
TSER_var19
MODELLING SERIES: TS43
TSER_var0
TSER_var1
TSER_var2
TSER_var3
TSER_var4
TSER_var5
TSER_var6
TSER_var7
TSER_var8
TSER_var9
TSER_var10
TSER_var11
TSER_var12
TSER_var13
TSER_var14
TSER_var15
TSER_var16
TSER_var17
TSER_var18
TSER_var19
MODELLING SERIES: TS44
TSER_var0
TSER_var1
TSER_var2
TSER_var3
TSER_var4
TSER_var5
TSER_var6
TSER_var7
TSER_var8
TSER_var9
TSER_var10
TSER_var11
TSER_var12
TSER_var13
TSER_var14
TSER_var15
TSER_var16
TSER_var17
TSER_var18
TSER_var19
MODELLING SERIES: TS45
TSER_var0
TSER_var1
TSER_var2
TSER_var3
TSER_var4
TSER_var5
TSER_var6
TSER_var7
TSER_var8
TSER_var9
TSER_var10
TSER_var11
TSER_var12
TSER_var13
TSER_var14
TSER_var15
TSER_var16
TSER_var17
TSER_var18
TSER_var19
MODELLING SERIES: TS46
TSER_var0
TSER_var1
TSER_var2
TSER_var3
TSER_var4
TSER_var5
TSER_var6
TSER_var7
TSER_var8
TSER_var9
TSER_var10
TSER_var11
TSER_var12
TSER_var13
TSER_var14
TSER_var15
TSER_var16
TSER_var17
TSER_var18
TSER_var19
MODELLING SERIES: TS47
TSER_var0
TSER_var1
TSER_var2
TSER_var3
TSER_var4
TSER_var5
TSER_var6
TSER_var7
TSER_var8
TSER_var9
TSER_var10
TSER_var11
TSER_var12
TSER_var13
TSER_var14
TSER_var15
TSER_var16
TSER_var17
TSER_var18
TSER_var19
MODELLING SERIES: TS48
TSER_var0
TSER_var1
TSER_var2
TSER_var3
TSER_var4
TSER_var5
TSER_var6
TSER_var7
TSER_var8
TSER_var9
TSER_var10
TSER_var11
TSER_var12
TSER_var13
TSER_var14
TSER_var15
TSER_var16
TSER_var17
TSER_var18
TSER_var19
MODELLING SERIES: TS49
TSER_var0
TSER_var1
TSER_var2
TSER_var3
TSER_var4
TSER_var5
TSER_var6
TSER_var7
TSER_var8
TSER_var9
TSER_var10
TSER_var11
TSER_var12
TSER_var13
TSER_var14
TSER_var15
TSER_var16
TSER_var17
TSER_var18
TSER_var19
MODELLING SERIES: TS50
TSER_var0
TSER_var1
TSER_var2
TSER_var3
TSER_var4
TSER_var5
TSER_var6
TSER_var7
TSER_var8
TSER_var9
TSER_var10
TSER_var11
TSER_var12
TSER_var13
TSER_var14
TSER_var15
TSER_var16
TSER_var17
TSER_var18
TSER_var19
MODELLING SERIES: TS51
TSER_var0
TSER_var1
TSER_var2
TSER_var3
TSER_var4
TSER_var5
TSER_var6
TSER_var7
TSER_var8
TSER_var9
TSER_var10
TSER_var11
TSER_var12
TSER_var13
TSER_var14
TSER_var15
TSER_var16
TSER_var17
TSER_var18
TSER_var19
MODELLING SERIES: TS52
TSER_var0
TSER_var1
TSER_var2
TSER_var3
TSER_var4
TSER_var5
TSER_var6
TSER_var7
TSER_var8
TSER_var9
TSER_var10
TSER_var11
TSER_var12
TSER_var13
TSER_var14
TSER_var15
TSER_var16
TSER_var17
TSER_var18
TSER_var19
MODELLING SERIES: TS53
TSER_var0
TSER_var1
TSER_var2
TSER_var3
TSER_var4
TSER_var5
TSER_var6
TSER_var7
TSER_var8
TSER_var9
TSER_var10
TSER_var11
TSER_var12
TSER_var13
TSER_var14
TSER_var15
TSER_var16
TSER_var17
TSER_var18
TSER_var19
MODELLING SERIES: TS54
TSER_var0
TSER_var1
TSER_var2
TSER_var3
TSER_var4
TSER_var5
TSER_var6
TSER_var7
TSER_var8
TSER_var9
TSER_var10
TSER_var11
TSER_var12
TSER_var13
TSER_var14
TSER_var15
TSER_var16
TSER_var17
TSER_var18
TSER_var19
MODELLING SERIES: TS55
TSER_var0
TSER_var1
TSER_var2
TSER_var3
TSER_var4
TSER_var5
TSER_var6
TSER_var7
TSER_var8
TSER_var9
TSER_var10
TSER_var11
TSER_var12
TSER_var13
TSER_var14
TSER_var15
TSER_var16
TSER_var17
TSER_var18
TSER_var19
MODELLING SERIES: TS56
TSER_var0
TSER_var1
TSER_var2
TSER_var3
TSER_var4
TSER_var5
TSER_var6
TSER_var7
TSER_var8
TSER_var9
TSER_var10
TSER_var11
TSER_var12
TSER_var13
TSER_var14
TSER_var15
TSER_var16
TSER_var17
TSER_var18
TSER_var19
MODELLING SERIES: TS57
TSER_var0
TSER_var1
TSER_var2
TSER_var3
TSER_var4
TSER_var5
TSER_var6
TSER_var7
TSER_var8
TSER_var9
TSER_var10
TSER_var11
TSER_var12
TSER_var13
TSER_var14
TSER_var15
TSER_var16
TSER_var17
TSER_var18
TSER_var19
MODELLING SERIES: TS58
TSER_var0
TSER_var1
TSER_var2
TSER_var3
TSER_var4
TSER_var5
TSER_var6
TSER_var7
TSER_var8
TSER_var9
TSER_var10
TSER_var11
TSER_var12
TSER_var13
TSER_var14
TSER_var15
TSER_var16
TSER_var17
TSER_var18
TSER_var19
MODELLING SERIES: TS59
TSER_var0
TSER_var1
TSER_var2
TSER_var3
TSER_var4
TSER_var5
TSER_var6
TSER_var7
TSER_var8
TSER_var9
TSER_var10
TSER_var11
TSER_var12
TSER_var13
TSER_var14
TSER_var15
TSER_var16
TSER_var17
TSER_var18
TSER_var19
MODELLING SERIES: TS60
TSER_var0
TSER_var1
TSER_var2
TSER_var3
TSER_var4
TSER_var5
TSER_var6
TSER_var7
TSER_var8
TSER_var9
TSER_var10
TSER_var11
TSER_var12
TSER_var13
TSER_var14
TSER_var15
TSER_var16
TSER_var17
TSER_var18
TSER_var19
MODELLING SERIES: TS61
TSER_var0
TSER_var1
TSER_var2
TSER_var3
TSER_var4
TSER_var5
TSER_var6
TSER_var7
TSER_var8
TSER_var9
TSER_var10
TSER_var11
TSER_var12
TSER_var13
TSER_var14
TSER_var15
TSER_var16
TSER_var17
TSER_var18
TSER_var19
MODELLING SERIES: TS62
TSER_var0
TSER_var1
TSER_var2
TSER_var3
TSER_var4
TSER_var5
TSER_var6
TSER_var7
TSER_var8
TSER_var9
TSER_var10
TSER_var11
TSER_var12
TSER_var13
TSER_var14
TSER_var15
TSER_var16
TSER_var17
TSER_var18
TSER_var19
MODELLING SERIES: TS63
TSER_var0
TSER_var1
TSER_var2
TSER_var3
TSER_var4
TSER_var5
TSER_var6
TSER_var7
TSER_var8
TSER_var9
TSER_var10
TSER_var11
TSER_var12
TSER_var13
TSER_var14
TSER_var15
TSER_var16
TSER_var17
TSER_var18
TSER_var19
MODELLING SERIES: TS64
TSER_var0
TSER_var1
TSER_var2
TSER_var3
TSER_var4
TSER_var5
TSER_var6
TSER_var7
TSER_var8
TSER_var9
TSER_var10
TSER_var11
TSER_var12
TSER_var13
TSER_var14
TSER_var15
TSER_var16
TSER_var17
TSER_var18
TSER_var19
MODELLING SERIES: TS65
TSER_var0
TSER_var1
TSER_var2
TSER_var3
TSER_var4
TSER_var5
TSER_var6
TSER_var7
TSER_var8
TSER_var9
TSER_var10
TSER_var11
TSER_var12
TSER_var13
TSER_var14
TSER_var15
TSER_var16
TSER_var17
TSER_var18
TSER_var19
MODELLING SERIES: TS66
TSER_var0
TSER_var1
TSER_var2
TSER_var3
TSER_var4
TSER_var5
TSER_var6
TSER_var7
TSER_var8
TSER_var9
TSER_var10
TSER_var11
TSER_var12
TSER_var13
TSER_var14
TSER_var15
TSER_var16
TSER_var17
TSER_var18
TSER_var19
MODELLING SERIES: TS67
TSER_var0
TSER_var1
TSER_var2
TSER_var3
TSER_var4
TSER_var5
TSER_var6
TSER_var7
TSER_var8
TSER_var9
TSER_var10
TSER_var11
TSER_var12
TSER_var13
TSER_var14
TSER_var15
TSER_var16
TSER_var17
TSER_var18
TSER_var19
MODELLING SERIES: TS68
TSER_var0
TSER_var1
TSER_var2
TSER_var3
TSER_var4
TSER_var5
TSER_var6
TSER_var7
TSER_var8
TSER_var9
TSER_var10
TSER_var11
TSER_var12
TSER_var13
TSER_var14
TSER_var15
TSER_var16
TSER_var17
TSER_var18
TSER_var19
MODELLING SERIES: TS69
TSER_var0
TSER_var1
TSER_var2
TSER_var3
TSER_var4
TSER_var5
TSER_var6
TSER_var7
TSER_var8
TSER_var9
TSER_var10
TSER_var11
TSER_var12
TSER_var13
TSER_var14
TSER_var15
TSER_var16
TSER_var17
TSER_var18
TSER_var19
MODELLING SERIES: TS70
TSER_var0
TSER_var1
TSER_var2
TSER_var3
TSER_var4
TSER_var5
TSER_var6
TSER_var7
TSER_var8
TSER_var9
TSER_var10
TSER_var11
TSER_var12
TSER_var13
TSER_var14
TSER_var15
TSER_var16
TSER_var17
TSER_var18
TSER_var19
MODELLING SERIES: TS71
TSER_var0
TSER_var1
TSER_var2
TSER_var3
TSER_var4
TSER_var5
TSER_var6
TSER_var7
TSER_var8
TSER_var9
TSER_var10
TSER_var11
TSER_var12
TSER_var13
TSER_var14
TSER_var15
TSER_var16
TSER_var17
TSER_var18
TSER_var19
MODELLING SERIES: TS72
TSER_var0
TSER_var1
TSER_var2
TSER_var3
TSER_var4
TSER_var5
TSER_var6
TSER_var7
TSER_var8
TSER_var9
TSER_var10
TSER_var11
TSER_var12
TSER_var13
TSER_var14
TSER_var15
TSER_var16
TSER_var17
TSER_var18
TSER_var19
MODELLING SERIES: TS73
TSER_var0
TSER_var1
TSER_var2
TSER_var3
TSER_var4
TSER_var5
TSER_var6
TSER_var7
TSER_var8
TSER_var9
TSER_var10
TSER_var11
TSER_var12
TSER_var13
TSER_var14
TSER_var15
TSER_var16
TSER_var17
TSER_var18
TSER_var19
MODELLING SERIES: TS74
TSER_var0
TSER_var1
TSER_var2
TSER_var3
TSER_var4
TSER_var5
TSER_var6
TSER_var7
TSER_var8
TSER_var9
TSER_var10
TSER_var11
TSER_var12
TSER_var13
TSER_var14
TSER_var15
TSER_var16
TSER_var17
TSER_var18
TSER_var19
MODELLING SERIES: TS75
TSER_var0
TSER_var1
TSER_var2
TSER_var3
TSER_var4
TSER_var5
TSER_var6
TSER_var7
TSER_var8
TSER_var9
TSER_var10
TSER_var11
TSER_var12
TSER_var13
TSER_var14
TSER_var15
TSER_var16
TSER_var17
TSER_var18
TSER_var19
MODELLING SERIES: TS76
TSER_var0
TSER_var1
TSER_var2
TSER_var3
TSER_var4
TSER_var5
TSER_var6
TSER_var7
TSER_var8
TSER_var9
TSER_var10
TSER_var11
TSER_var12
TSER_var13
TSER_var14
TSER_var15
TSER_var16
TSER_var17
TSER_var18
TSER_var19
MODELLING SERIES: TS77
TSER_var0
TSER_var1
TSER_var2
TSER_var3
TSER_var4
TSER_var5
TSER_var6
TSER_var7
TSER_var8
TSER_var9
TSER_var10
TSER_var11
TSER_var12
TSER_var13
TSER_var14
TSER_var15
TSER_var16
TSER_var17
TSER_var18
TSER_var19
MODELLING SERIES: TS78
TSER_var0
TSER_var1
TSER_var2
TSER_var3
TSER_var4
TSER_var5
TSER_var6
TSER_var7
TSER_var8
TSER_var9
TSER_var10
TSER_var11
TSER_var12
TSER_var13
TSER_var14
TSER_var15
TSER_var16
TSER_var17
TSER_var18
TSER_var19
MODELLING SERIES: TS79
TSER_var0
TSER_var1
TSER_var2
TSER_var3
TSER_var4
TSER_var5
TSER_var6
TSER_var7
TSER_var8
TSER_var9
TSER_var10
TSER_var11
TSER_var12
TSER_var13
TSER_var14
TSER_var15
TSER_var16
TSER_var17
TSER_var18
TSER_var19
MODELLING SERIES: TS80
TSER_var0
TSER_var1
TSER_var2
TSER_var3
TSER_var4
TSER_var5
TSER_var6
TSER_var7
TSER_var8
TSER_var9
TSER_var10
TSER_var11
TSER_var12
TSER_var13
TSER_var14
TSER_var15
TSER_var16
TSER_var17
TSER_var18
TSER_var19
MODELLING SERIES: TS81
TSER_var0
TSER_var1
TSER_var2
TSER_var3
TSER_var4
TSER_var5
TSER_var6
TSER_var7
TSER_var8
TSER_var9
TSER_var10
TSER_var11
TSER_var12
TSER_var13
TSER_var14
TSER_var15
TSER_var16
TSER_var17
TSER_var18
TSER_var19
MODELLING SERIES: TS82
TSER_var0
TSER_var1
TSER_var2
TSER_var3
TSER_var4
TSER_var5
TSER_var6
TSER_var7
TSER_var8
TSER_var9
TSER_var10
TSER_var11
TSER_var12
TSER_var13
TSER_var14
TSER_var15
TSER_var16
TSER_var17
TSER_var18
TSER_var19
MODELLING SERIES: TS83
TSER_var0
TSER_var1
TSER_var2
TSER_var3
TSER_var4
TSER_var5
TSER_var6
TSER_var7
TSER_var8
TSER_var9
TSER_var10
TSER_var11
TSER_var12
TSER_var13
TSER_var14
TSER_var15
TSER_var16
TSER_var17
TSER_var18
TSER_var19
MODELLING SERIES: TS84
TSER_var0
TSER_var1
TSER_var2
TSER_var3
TSER_var4
TSER_var5
TSER_var6
TSER_var7
TSER_var8
TSER_var9
TSER_var10
TSER_var11
TSER_var12
TSER_var13
TSER_var14
TSER_var15
TSER_var16
TSER_var17
TSER_var18
TSER_var19
MODELLING SERIES: TS85
TSER_var0
TSER_var1
TSER_var2
TSER_var3
TSER_var4
TSER_var5
TSER_var6
TSER_var7
TSER_var8
TSER_var9
TSER_var10
TSER_var11
TSER_var12
TSER_var13
TSER_var14
TSER_var15
TSER_var16
TSER_var17
TSER_var18
TSER_var19
MODELLING SERIES: TS86
TSER_var0
TSER_var1
TSER_var2
TSER_var3
TSER_var4
TSER_var5
TSER_var6
TSER_var7
TSER_var8
TSER_var9
TSER_var10
TSER_var11
TSER_var12
TSER_var13
TSER_var14
TSER_var15
TSER_var16
TSER_var17
TSER_var18
TSER_var19
MODELLING SERIES: TS87
TSER_var0
TSER_var1
TSER_var2
TSER_var3
TSER_var4
TSER_var5
TSER_var6
TSER_var7
TSER_var8
TSER_var9
TSER_var10
TSER_var11
TSER_var12
TSER_var13
TSER_var14
TSER_var15
TSER_var16
TSER_var17
TSER_var18
TSER_var19
MODELLING SERIES: TS88
TSER_var0
TSER_var1
TSER_var2
TSER_var3
TSER_var4
TSER_var5
TSER_var6
TSER_var7
TSER_var8
TSER_var9
TSER_var10
TSER_var11
TSER_var12
TSER_var13
TSER_var14
TSER_var15
TSER_var16
TSER_var17
TSER_var18
TSER_var19
MODELLING SERIES: TS89
TSER_var0
TSER_var1
TSER_var2
TSER_var3
TSER_var4
TSER_var5
TSER_var6
TSER_var7
TSER_var8
TSER_var9
TSER_var10
TSER_var11
TSER_var12
TSER_var13
TSER_var14
TSER_var15
TSER_var16
TSER_var17
TSER_var18
TSER_var19
MODELLING SERIES: TS90
TSER_var0
TSER_var1
TSER_var2
TSER_var3
TSER_var4
TSER_var5
TSER_var6
TSER_var7
TSER_var8
TSER_var9
TSER_var10
TSER_var11
TSER_var12
TSER_var13
TSER_var14
TSER_var15
TSER_var16
TSER_var17
TSER_var18
TSER_var19
MODELLING SERIES: TS91
TSER_var0
TSER_var1
TSER_var2
TSER_var3
TSER_var4
TSER_var5
TSER_var6
TSER_var7
TSER_var8
TSER_var9
TSER_var10
TSER_var11
TSER_var12
TSER_var13
TSER_var14
TSER_var15
TSER_var16
TSER_var17
TSER_var18
TSER_var19
MODELLING SERIES: TS92
TSER_var0
TSER_var1
TSER_var2
TSER_var3
TSER_var4
TSER_var5
TSER_var6
TSER_var7
TSER_var8
TSER_var9
TSER_var10
TSER_var11
TSER_var12
TSER_var13
TSER_var14
TSER_var15
TSER_var16
TSER_var17
TSER_var18
TSER_var19
MODELLING SERIES: TS93
TSER_var0
TSER_var1
TSER_var2
TSER_var3
TSER_var4
TSER_var5
TSER_var6
TSER_var7
TSER_var8
TSER_var9
TSER_var10
TSER_var11
TSER_var12
TSER_var13
TSER_var14
TSER_var15
TSER_var16
TSER_var17
TSER_var18
TSER_var19
MODELLING SERIES: TS94
TSER_var0
TSER_var1
TSER_var2
TSER_var3
TSER_var4
TSER_var5
TSER_var6
TSER_var7
TSER_var8
TSER_var9
TSER_var10
TSER_var11
TSER_var12
TSER_var13
TSER_var14
TSER_var15
TSER_var16
TSER_var17
TSER_var18
TSER_var19
MODELLING SERIES: TS95
TSER_var0
TSER_var1
TSER_var2
TSER_var3
TSER_var4
TSER_var5
TSER_var6
TSER_var7
TSER_var8
TSER_var9
TSER_var10
TSER_var11
TSER_var12
TSER_var13
TSER_var14
TSER_var15
TSER_var16
TSER_var17
TSER_var18
TSER_var19
MODELLING SERIES: TS96
TSER_var0
TSER_var1
TSER_var2
TSER_var3
TSER_var4
TSER_var5
TSER_var6
TSER_var7
TSER_var8
TSER_var9
TSER_var10
TSER_var11
TSER_var12
TSER_var13
TSER_var14
TSER_var15
TSER_var16
TSER_var17
TSER_var18
TSER_var19
MODELLING SERIES: TS97
TSER_var0
TSER_var1
TSER_var2
TSER_var3
TSER_var4
TSER_var5
TSER_var6
TSER_var7
TSER_var8
TSER_var9
TSER_var10
TSER_var11
TSER_var12
TSER_var13
TSER_var14
TSER_var15
TSER_var16
TSER_var17
TSER_var18
TSER_var19
MODELLING SERIES: TS98
TSER_var0
TSER_var1
TSER_var2
TSER_var3
TSER_var4
TSER_var5
TSER_var6
TSER_var7
TSER_var8
TSER_var9
TSER_var10
TSER_var11
TSER_var12
TSER_var13
TSER_var14
TSER_var15
TSER_var16
TSER_var17
TSER_var18
TSER_var19
MODELLING SERIES: TS99
TSER_var0
TSER_var1
TSER_var2
TSER_var3
TSER_var4
TSER_var5
TSER_var6
TSER_var7
TSER_var8
TSER_var9
TSER_var10
TSER_var11
TSER_var12
TSER_var13
TSER_var14
TSER_var15
TSER_var16
TSER_var17
TSER_var18
TSER_var19
MODELLING SERIES: TS100
TSER_var0
TSER_var1
TSER_var2
TSER_var3
TSER_var4
TSER_var5
TSER_var6
TSER_var7
TSER_var8
TSER_var9
TSER_var10
TSER_var11
TSER_var12
TSER_var13
TSER_var14
TSER_var15
TSER_var16
TSER_var17
TSER_var18
TSER_var19
MODELLING SERIES: TS101
TSER_var0
TSER_var1
TSER_var2
TSER_var3
TSER_var4
TSER_var5
TSER_var6
TSER_var7
TSER_var8
TSER_var9
TSER_var10
TSER_var11
TSER_var12
TSER_var13
TSER_var14
TSER_var15
TSER_var16
TSER_var17
TSER_var18
TSER_var19
MODELLING SERIES: TS102
TSER_var0
TSER_var1
TSER_var2
TSER_var3
TSER_var4
TSER_var5
TSER_var6
TSER_var7
TSER_var8
TSER_var9
TSER_var10
TSER_var11
TSER_var12
TSER_var13
TSER_var14
TSER_var15
TSER_var16
TSER_var17
TSER_var18
TSER_var19
MODELLING SERIES: TS103
TSER_var0
TSER_var1
TSER_var2
TSER_var3
TSER_var4
TSER_var5
TSER_var6
TSER_var7
TSER_var8
TSER_var9
TSER_var10
TSER_var11
TSER_var12
TSER_var13
TSER_var14
TSER_var15
TSER_var16
TSER_var17
TSER_var18
TSER_var19
MODELLING SERIES: TS104
TSER_var0
TSER_var1
TSER_var2
TSER_var3
TSER_var4
TSER_var5
TSER_var6
TSER_var7
TSER_var8
TSER_var9
TSER_var10
TSER_var11
TSER_var12
TSER_var13
TSER_var14
TSER_var15
TSER_var16
TSER_var17
TSER_var18
TSER_var19
MODELLING SERIES: TS105
TSER_var0
TSER_var1
TSER_var2
TSER_var3
TSER_var4
TSER_var5
TSER_var6
TSER_var7
TSER_var8
TSER_var9
TSER_var10
TSER_var11
TSER_var12
TSER_var13
TSER_var14
TSER_var15
TSER_var16
TSER_var17
TSER_var18
TSER_var19
MODELLING SERIES: TS106
TSER_var0
TSER_var1
TSER_var2
TSER_var3
TSER_var4
TSER_var5
TSER_var6
TSER_var7
TSER_var8
TSER_var9
TSER_var10
TSER_var11
TSER_var12
TSER_var13
TSER_var14
TSER_var15
TSER_var16
TSER_var17
TSER_var18
TSER_var19
MODELLING SERIES: TS107
TSER_var0
TSER_var1
TSER_var2
TSER_var3
TSER_var4
TSER_var5
TSER_var6
TSER_var7
TSER_var8
TSER_var9
TSER_var10
TSER_var11
TSER_var12
TSER_var13
TSER_var14
TSER_var15
TSER_var16
TSER_var17
TSER_var18
TSER_var19
MODELLING SERIES: TS108
TSER_var0
TSER_var1
TSER_var2
TSER_var3
TSER_var4
TSER_var5
TSER_var6
TSER_var7
TSER_var8
TSER_var9
TSER_var10
TSER_var11
TSER_var12
TSER_var13
TSER_var14
TSER_var15
TSER_var16
TSER_var17
TSER_var18
TSER_var19
MODELLING SERIES: TS109
TSER_var0
TSER_var1
TSER_var2
TSER_var3
TSER_var4
TSER_var5
TSER_var6
TSER_var7
TSER_var8
TSER_var9
TSER_var10
TSER_var11
TSER_var12
TSER_var13
TSER_var14
TSER_var15
TSER_var16
TSER_var17
TSER_var18
TSER_var19
MODELLING SERIES: TS110
TSER_var0
TSER_var1
TSER_var2
TSER_var3
TSER_var4
TSER_var5
TSER_var6
TSER_var7
TSER_var8
TSER_var9
TSER_var10
TSER_var11
TSER_var12
TSER_var13
TSER_var14
TSER_var15
TSER_var16
TSER_var17
TSER_var18
TSER_var19
Dataset nn5_daily_without_missing runs completed successfully!
