\BOOKMARK [1][-]{section.1}{\376\377\0001\000.\000\040\000T\000h\000e\000\040\000B\000i\000g\000\040\000P\000i\000c\000t\000u\000r\000e\000:\000\040\000W\000h\000a\000t\000\040\000I\000s\000\040\000T\000h\000i\000s\000\040\000R\000e\000p\000o\000s\000i\000t\000o\000r\000y\000?}{}% 1
\BOOKMARK [2][-]{subsection.1.1}{\376\377\0001\000.\0001\000\040\000W\000h\000a\000t\000\040\000`\000`\000R\000e\000p\000l\000i\000c\000a\000t\000i\000o\000n\000'\000'\000\040\000M\000e\000a\000n\000s\000\040\000H\000e\000r\000e}{section.1}% 2
\BOOKMARK [2][-]{subsection.1.2}{\376\377\0001\000.\0002\000\040\000T\000h\000e\000\040\000A\000u\000t\000o\000m\000a\000t\000i\000o\000n\000\040\000B\000o\000u\000n\000d\000a\000r\000y}{section.1}% 3
\BOOKMARK [2][-]{subsection.1.3}{\376\377\0001\000.\0003\000\040\000R\000e\000p\000o\000s\000i\000t\000o\000r\000y\000\040\000G\000o\000a\000l\000s}{section.1}% 4
\BOOKMARK [2][-]{subsection.1.4}{\376\377\0001\000.\0004\000\040\000R\000e\000a\000d\000i\000n\000g\000\040\000T\000h\000i\000s\000\040\000G\000u\000i\000d\000e}{section.1}% 5
\BOOKMARK [1][-]{section.2}{\376\377\0002\000.\000\040\000D\000i\000r\000e\000c\000t\000o\000r\000y\000\040\000S\000t\000r\000u\000c\000t\000u\000r\000e}{}% 6
\BOOKMARK [2][-]{subsection.2.1}{\376\377\0002\000.\0001\000\040\000F\000u\000l\000l\000\040\000L\000a\000y\000o\000u\000t}{section.2}% 7
\BOOKMARK [2][-]{subsection.2.2}{\376\377\0002\000.\0002\000\040\000F\000o\000l\000d\000e\000r\000\040\000R\000e\000f\000e\000r\000e\000n\000c\000e}{section.2}% 8
\BOOKMARK [3][-]{subsubsection.2.2.1}{\376\377\000e\000x\000p\000e\000r\000i\000m\000e\000n\000t\000s\000/\000\040\040\024\000\040\000T\000h\000e\000\040\000C\000o\000r\000e\000\040\000o\000f\000\040\000t\000h\000e\000\040\000R\000e\000p\000o\000s\000i\000t\000o\000r\000y}{subsection.2.2}% 9
\BOOKMARK [3][-]{subsubsection.2.2.2}{\376\377\000e\000x\000p\000e\000r\000i\000m\000e\000n\000t\000s\000/\000\137\000t\000e\000m\000p\000l\000a\000t\000e\000/\000\040\040\024\000\040\000T\000h\000e\000\040\000B\000l\000u\000e\000p\000r\000i\000n\000t}{subsection.2.2}% 10
\BOOKMARK [3][-]{subsubsection.2.2.3}{\376\377\000s\000c\000r\000i\000p\000t\000s\000/\000\040\040\024\000\040\000A\000u\000t\000o\000m\000a\000t\000i\000o\000n\000\040\000T\000o\000o\000l\000s}{subsection.2.2}% 11
\BOOKMARK [3][-]{subsubsection.2.2.4}{\376\377\000s\000h\000a\000r\000e\000d\000/\000\040\040\024\000\040\000C\000r\000o\000s\000s\000-\000E\000x\000p\000e\000r\000i\000m\000e\000n\000t\000\040\000C\000o\000d\000e}{subsection.2.2}% 12
\BOOKMARK [3][-]{subsubsection.2.2.5}{\376\377\000d\000o\000c\000s\000/\000\040\040\024\000\040\000D\000o\000c\000u\000m\000e\000n\000t\000a\000t\000i\000o\000n}{subsection.2.2}% 13
\BOOKMARK [2][-]{subsection.2.3}{\376\377\0002\000.\0003\000\040\000T\000h\000e\000\040\000T\000w\000o\000\040\000C\000r\000i\000t\000i\000c\000a\000l\000\040\000B\000o\000u\000n\000d\000a\000r\000i\000e\000s}{section.2}% 14
\BOOKMARK [2][-]{subsection.2.4}{\376\377\0003\000.\000\040\000T\000h\000e\000\040\000E\000x\000p\000e\000r\000i\000m\000e\000n\000t\000\040\000L\000i\000f\000e\000c\000y\000c\000l\000e\000:\000\040\000F\000r\000o\000m\000\040\000P\000e\000n\000d\000i\000n\000g\000\040\000t\000o\000\040\000D\000o\000n\000e}{section.2}% 15
\BOOKMARK [3][-]{subsubsection.2.4.1}{\376\377\000S\000t\000a\000g\000e\000\040\000D\000e\000f\000i\000n\000i\000t\000i\000o\000n\000s}{subsection.2.4}% 16
\BOOKMARK [2][-]{subsection.2.5}{\376\377\0004\000.\000\040\000T\000h\000e\000\040\000C\000o\000r\000e\000\040\000W\000o\000r\000k\000f\000l\000o\000w\000:\000\040\000S\000t\000e\000p\000-\000b\000y\000-\000S\000t\000e\000p\000\040\000I\000n\000s\000t\000r\000u\000c\000t\000i\000o\000n\000s}{section.2}% 17
\BOOKMARK [3][-]{subsubsection.2.5.1}{\376\377\000P\000h\000a\000s\000e\000\040\0000\000:\000\040\000S\000t\000a\000r\000t\000i\000n\000g\000\040\000a\000\040\000N\000e\000w\000\040\000S\000e\000s\000s\000i\000o\000n}{subsection.2.5}% 18
\BOOKMARK [3][-]{subsubsection.2.5.2}{\376\377\000P\000h\000a\000s\000e\000\040\0001\000:\000\040\000P\000i\000c\000k\000i\000n\000g\000\040\000a\000n\000\040\000E\000x\000p\000e\000r\000i\000m\000e\000n\000t}{subsection.2.5}% 19
\BOOKMARK [3][-]{subsubsection.2.5.3}{\376\377\000P\000h\000a\000s\000e\000\040\0002\000:\000\040\000S\000e\000t\000t\000i\000n\000g\000\040\000U\000p\000\040\000t\000h\000e\000\040\000E\000x\000p\000e\000r\000i\000m\000e\000n\000t\000\040\000E\000n\000v\000i\000r\000o\000n\000m\000e\000n\000t}{subsection.2.5}% 20
\BOOKMARK [3][-]{subsubsection.2.5.4}{\376\377\000P\000h\000a\000s\000e\000\040\0003\000:\000\040\000R\000u\000n\000n\000i\000n\000g\000\040\000t\000h\000e\000\040\000R\000e\000p\000l\000i\000c\000a\000t\000i\000o\000n}{subsection.2.5}% 21
\BOOKMARK [3][-]{subsubsection.2.5.5}{\376\377\000P\000h\000a\000s\000e\000\040\0004\000:\000\040\000R\000e\000c\000o\000r\000d\000i\000n\000g\000\040\000R\000e\000s\000u\000l\000t\000s}{subsection.2.5}% 22
\BOOKMARK [3][-]{subsubsection.2.5.6}{\376\377\000P\000h\000a\000s\000e\000\040\0005\000:\000\040\000M\000a\000r\000k\000i\000n\000g\000\040\000C\000o\000m\000p\000l\000e\000t\000e\000\040\000a\000n\000d\000\040\000C\000o\000m\000m\000i\000t\000t\000i\000n\000g}{subsection.2.5}% 23
\BOOKMARK [2][-]{subsection.2.6}{\376\377\0005\000.\000\040\000T\000h\000e\000\040\000A\000u\000t\000o\000m\000a\000t\000i\000o\000n\000\040\000S\000c\000r\000i\000p\000t\000s\000:\000\040\000W\000h\000a\000t\000\040\000T\000h\000e\000y\000\040\000D\000o\000\040\000a\000n\000d\000\040\000W\000h\000e\000n\000\040\000t\000o\000\040\000U\000s\000e\000\040\000T\000h\000e\000m}{section.2}% 24
\BOOKMARK [3][-]{subsubsection.2.6.1}{\376\377\000n\000e\000w\000\137\000e\000x\000p\000e\000r\000i\000m\000e\000n\000t\000.\000s\000h\000\040\040\024\000\040\000S\000c\000a\000f\000f\000o\000l\000d\000i\000n\000g\000\040\000N\000e\000w\000\040\000E\000x\000p\000e\000r\000i\000m\000e\000n\000t\000s}{subsection.2.6}% 25
\BOOKMARK [3][-]{subsubsection.2.6.2}{\376\377\000u\000p\000d\000a\000t\000e\000\137\000r\000e\000a\000d\000m\000e\000.\000p\000y\000\040\040\024\000\040\000R\000e\000f\000r\000e\000s\000h\000i\000n\000g\000\040\000t\000h\000e\000\040\000D\000a\000s\000h\000b\000o\000a\000r\000d}{subsection.2.6}% 26
\BOOKMARK [3][-]{subsubsection.2.6.3}{\376\377\000s\000y\000n\000c\000\137\000f\000r\000o\000m\000\137\000e\000x\000c\000e\000l\000.\000p\000y\000\040\040\024\000\040\000S\000y\000n\000c\000i\000n\000g\000\040\000P\000a\000p\000e\000r\000\040\000M\000e\000t\000a\000d\000a\000t\000a}{subsection.2.6}% 27
\BOOKMARK [2][-]{subsection.2.7}{\376\377\0006\000.\000\040\000F\000i\000l\000e\000-\000b\000y\000-\000F\000i\000l\000e\000\040\000R\000e\000f\000e\000r\000e\000n\000c\000e\000:\000\040\000W\000h\000a\000t\000\040\000t\000o\000\040\000W\000r\000i\000t\000e\000\040\000W\000h\000e\000r\000e}{section.2}% 28
\BOOKMARK [3][-]{subsubsection.2.7.1}{\376\377\000e\000x\000p\000e\000r\000i\000m\000e\000n\000t\000s\000/\000N\000N\000N\000\137\000f\000o\000l\000d\000e\000r\000\137\000n\000a\000m\000e\000/\000R\000E\000A\000D\000M\000E\000.\000m\000d}{subsection.2.7}% 29
\BOOKMARK [3][-]{subsubsection.2.7.2}{\376\377\000e\000x\000p\000e\000r\000i\000m\000e\000n\000t\000s\000/\000N\000N\000N\000\137\000f\000o\000l\000d\000e\000r\000\137\000n\000a\000m\000e\000/\000R\000E\000P\000L\000I\000C\000A\000T\000I\000O\000N\000\137\000L\000O\000G\000.\000m\000d}{subsection.2.7}% 30
\BOOKMARK [3][-]{subsubsection.2.7.3}{\376\377\000e\000x\000p\000e\000r\000i\000m\000e\000n\000t\000s\000/\000N\000N\000N\000\137\000f\000o\000l\000d\000e\000r\000\137\000n\000a\000m\000e\000/\000r\000e\000q\000u\000i\000r\000e\000m\000e\000n\000t\000s\000.\000t\000x\000t}{subsection.2.7}% 31
\BOOKMARK [3][-]{subsubsection.2.7.4}{\376\377\000e\000x\000p\000e\000r\000i\000m\000e\000n\000t\000s\000/\000N\000N\000N\000\137\000f\000o\000l\000d\000e\000r\000\137\000n\000a\000m\000e\000/\000c\000o\000n\000f\000i\000g\000/\000d\000e\000f\000a\000u\000l\000t\000.\000y\000a\000m\000l}{subsection.2.7}% 32
\BOOKMARK [3][-]{subsubsection.2.7.5}{\376\377\000s\000h\000a\000r\000e\000d\000/\000m\000e\000t\000r\000i\000c\000s\000/\000r\000e\000g\000r\000e\000s\000s\000i\000o\000n\000.\000p\000y\000\040\000a\000n\000d\000\040\000s\000h\000a\000r\000e\000d\000/\000m\000e\000t\000r\000i\000c\000s\000/\000c\000l\000a\000s\000s\000i\000f\000i\000c\000a\000t\000i\000o\000n\000.\000p\000y}{subsection.2.7}% 33
\BOOKMARK [2][-]{subsection.2.8}{\376\377\0007\000.\000\040\000E\000n\000v\000i\000r\000o\000n\000m\000e\000n\000t\000\040\000M\000a\000n\000a\000g\000e\000m\000e\000n\000t\000:\000\040\000P\000y\000t\000h\000o\000n\000,\000\040\000R\000,\000\040\000a\000n\000d\000\040\000C\000o\000n\000d\000a}{section.2}% 34
\BOOKMARK [3][-]{subsubsection.2.8.1}{\376\377\000P\000y\000t\000h\000o\000n\000\040\000E\000x\000p\000e\000r\000i\000m\000e\000n\000t\000s\000\040\000\050\000m\000o\000s\000t\000\040\000c\000o\000m\000m\000o\000n\000\051}{subsection.2.8}% 35
\BOOKMARK [3][-]{subsubsection.2.8.2}{\376\377\000R\000\040\000E\000x\000p\000e\000r\000i\000m\000e\000n\000t\000s}{subsection.2.8}% 36
\BOOKMARK [3][-]{subsubsection.2.8.3}{\376\377\000C\000o\000n\000d\000a\000\040\000E\000x\000p\000e\000r\000i\000m\000e\000n\000t\000s}{subsection.2.8}% 37
\BOOKMARK [2][-]{subsection.2.9}{\376\377\0008\000.\000\040\000G\000i\000t\000\040\000W\000o\000r\000k\000f\000l\000o\000w\000:\000\040\000H\000o\000w\000\040\000a\000n\000d\000\040\000W\000h\000e\000n\000\040\000t\000o\000\040\000C\000o\000m\000m\000i\000t}{section.2}% 38
\BOOKMARK [3][-]{subsubsection.2.9.1}{\376\377\000T\000h\000e\000\040\000C\000o\000m\000m\000i\000t\000\040\000M\000e\000s\000s\000a\000g\000e\000\040\000C\000o\000n\000v\000e\000n\000t\000i\000o\000n}{subsection.2.9}% 39
\BOOKMARK [3][-]{subsubsection.2.9.2}{\376\377\000W\000h\000e\000n\000\040\000t\000o\000\040\000C\000o\000m\000m\000i\000t}{subsection.2.9}% 40
\BOOKMARK [3][-]{subsubsection.2.9.3}{\376\377\000T\000h\000e\000\040\000S\000t\000a\000n\000d\000a\000r\000d\000\040\000C\000o\000m\000m\000i\000t\000\040\000S\000e\000q\000u\000e\000n\000c\000e}{subsection.2.9}% 41
\BOOKMARK [2][-]{subsection.2.10}{\376\377\0009\000.\000\040\000A\000d\000d\000i\000n\000g\000\040\000a\000\040\000B\000r\000a\000n\000d\000\040\000N\000e\000w\000\040\000E\000x\000p\000e\000r\000i\000m\000e\000n\000t\000\040\000\050\000B\000e\000y\000o\000n\000d\000\040\000t\000h\000e\000\040\0001\0007\000\051}{section.2}% 42
\BOOKMARK [2][-]{subsection.2.11}{\376\377\0001\0000\000.\000\040\000R\000u\000l\000e\000s\000\040\000a\000n\000d\000\040\000C\000o\000n\000v\000e\000n\000t\000i\000o\000n\000s\000\040\000Y\000o\000u\000\040\000M\000u\000s\000t\000\040\000N\000e\000v\000e\000r\000\040\000B\000r\000e\000a\000k}{section.2}% 43
\BOOKMARK [2][-]{subsection.2.12}{\376\377\0001\0001\000.\000\040\000T\000r\000o\000u\000b\000l\000e\000s\000h\000o\000o\000t\000i\000n\000g\000\040\000C\000o\000m\000m\000o\000n\000\040\000P\000r\000o\000b\000l\000e\000m\000s}{section.2}% 44
\BOOKMARK [3][-]{subsubsection.2.12.1}{\376\377\000`\000`\000I\000\040\000r\000a\000n\000\040\000u\000p\000d\000a\000t\000e\000\137\000r\000e\000a\000d\000m\000e\000.\000p\000y\000\040\000b\000u\000t\000\040\000t\000h\000e\000\040\000s\000t\000a\000t\000u\000s\000\040\000d\000i\000d\000n\000'\000t\000\040\000c\000h\000a\000n\000g\000e\000'\000'}{subsection.2.12}% 45
\BOOKMARK [3][-]{subsubsection.2.12.2}{\376\377\000`\000`\000I\000\040\000g\000e\000t\000\040\000a\000\040\000p\000e\000r\000m\000i\000s\000s\000i\000o\000n\000\040\000d\000e\000n\000i\000e\000d\000\040\000e\000r\000r\000o\000r\000\040\000r\000u\000n\000n\000i\000n\000g\000\040\000n\000e\000w\000\137\000e\000x\000p\000e\000r\000i\000m\000e\000n\000t\000.\000s\000h\000'\000'}{subsection.2.12}% 46
\BOOKMARK [3][-]{subsubsection.2.12.3}{\376\377\000`\000`\000T\000h\000e\000\040\000s\000y\000n\000c\000\137\000f\000r\000o\000m\000\137\000e\000x\000c\000e\000l\000.\000p\000y\000\040\000s\000c\000r\000i\000p\000t\000\040\000s\000a\000y\000s\000\040\000t\000h\000e\000\040\000E\000x\000c\000e\000l\000\040\000f\000i\000l\000e\000\040\000i\000s\000\040\000n\000o\000t\000\040\000f\000o\000u\000n\000d\000'\000'}{subsection.2.12}% 47
\BOOKMARK [3][-]{subsubsection.2.12.4}{\376\377\000`\000`\000I\000\040\000a\000c\000c\000i\000d\000e\000n\000t\000a\000l\000l\000y\000\040\000c\000o\000m\000m\000i\000t\000t\000e\000d\000\040\000a\000\040\000l\000a\000r\000g\000e\000\040\000d\000a\000t\000a\000\040\000f\000i\000l\000e\000'\000'}{subsection.2.12}% 48
\BOOKMARK [3][-]{subsubsection.2.12.5}{\376\377\000`\000`\000I\000'\000m\000\040\000n\000o\000t\000\040\000s\000u\000r\000e\000\040\000w\000h\000i\000c\000h\000\040\000e\000x\000p\000e\000r\000i\000m\000e\000n\000t\000\040\000t\000o\000\040\000w\000o\000r\000k\000\040\000o\000n\000\040\000n\000e\000x\000t\000'\000'}{subsection.2.12}% 49
\BOOKMARK [3][-]{subsubsection.2.12.6}{\376\377\000`\000`\000T\000h\000e\000\040\000o\000r\000i\000g\000i\000n\000a\000l\000\040\000c\000o\000d\000e\000\040\000d\000o\000e\000s\000n\000'\000t\000\040\000r\000u\000n\000\040\000a\000t\000\040\000a\000l\000l\000\040\040\024\000\040\000d\000i\000f\000f\000e\000r\000e\000n\000t\000\040\000P\000y\000t\000h\000o\000n\000\040\000v\000e\000r\000s\000i\000o\000n\000,\000\040\000b\000r\000o\000k\000e\000n\000\040\000d\000e\000p\000s\000'\000'}{subsection.2.12}% 50
\BOOKMARK [1][-]{appendix.A}{\376\377\000R\000e\000p\000l\000i\000c\000a\000t\000i\000o\000n\000\040\000M\000e\000t\000h\000o\000d\000o\000l\000o\000g\000y}{}% 51
\BOOKMARK [2][-]{subsection.A.1}{\376\377\000D\000e\000f\000i\000n\000i\000t\000i\000o\000n\000\040\000o\000f\000\040\000`\000`\000R\000e\000p\000l\000i\000c\000a\000t\000i\000o\000n\000'\000'}{appendix.A}% 52
\BOOKMARK [2][-]{subsection.A.2}{\376\377\000R\000e\000p\000l\000i\000c\000a\000t\000i\000o\000n\000\040\000C\000r\000i\000t\000e\000r\000i\000a}{appendix.A}% 53
\BOOKMARK [2][-]{subsection.A.3}{\376\377\000S\000t\000a\000n\000d\000a\000r\000d\000\040\000W\000o\000r\000k\000f\000l\000o\000w\000\040\000p\000e\000r\000\040\000E\000x\000p\000e\000r\000i\000m\000e\000n\000t}{appendix.A}% 54
\BOOKMARK [2][-]{subsection.A.4}{\376\377\000E\000v\000a\000l\000u\000a\000t\000i\000o\000n\000\040\000M\000e\000t\000r\000i\000c\000s\000\040\000R\000e\000f\000e\000r\000e\000n\000c\000e}{appendix.A}% 55
\BOOKMARK [2][-]{subsection.A.5}{\376\377\000T\000o\000o\000l\000s\000\040\000\046\000\040\000I\000n\000f\000r\000a\000s\000t\000r\000u\000c\000t\000u\000r\000e}{appendix.A}% 56
